Archive member included to satisfy reference by file (symbol)

c:/users/massi/stm32cubeide_1.5.0/stm32cubeide/plugins/com.st.stm32cube.ide.mcu.externaltools.gnu-tools-for-stm32.7-2018-q2-update.win32_1.5.0.202011040924/tools/bin/../lib/gcc/arm-none-eabi/7.3.1/../../../../arm-none-eabi/lib/thumb/v7e-m/fpv4-sp/hard\libm.a(lib_a-sf_round.o)
                              Core/Src/LeptonFLiR.o (roundf)
c:/users/massi/stm32cubeide_1.5.0/stm32cubeide/plugins/com.st.stm32cube.ide.mcu.externaltools.gnu-tools-for-stm32.7-2018-q2-update.win32_1.5.0.202011040924/tools/bin/../lib/gcc/arm-none-eabi/7.3.1/../../../../arm-none-eabi/lib/thumb/v7e-m/fpv4-sp/hard\libc_nano.a(lib_a-errno.o)
                              Core/Src/syscalls.o (__errno)
c:/users/massi/stm32cubeide_1.5.0/stm32cubeide/plugins/com.st.stm32cube.ide.mcu.externaltools.gnu-tools-for-stm32.7-2018-q2-update.win32_1.5.0.202011040924/tools/bin/../lib/gcc/arm-none-eabi/7.3.1/../../../../arm-none-eabi/lib/thumb/v7e-m/fpv4-sp/hard\libc_nano.a(lib_a-exit.o)
                              c:/users/massi/stm32cubeide_1.5.0/stm32cubeide/plugins/com.st.stm32cube.ide.mcu.externaltools.gnu-tools-for-stm32.7-2018-q2-update.win32_1.5.0.202011040924/tools/bin/../lib/gcc/arm-none-eabi/7.3.1/../../../../arm-none-eabi/lib/thumb/v7e-m/fpv4-sp/hard/crt0.o (exit)
c:/users/massi/stm32cubeide_1.5.0/stm32cubeide/plugins/com.st.stm32cube.ide.mcu.externaltools.gnu-tools-for-stm32.7-2018-q2-update.win32_1.5.0.202011040924/tools/bin/../lib/gcc/arm-none-eabi/7.3.1/../../../../arm-none-eabi/lib/thumb/v7e-m/fpv4-sp/hard\libc_nano.a(lib_a-impure.o)
                              c:/users/massi/stm32cubeide_1.5.0/stm32cubeide/plugins/com.st.stm32cube.ide.mcu.externaltools.gnu-tools-for-stm32.7-2018-q2-update.win32_1.5.0.202011040924/tools/bin/../lib/gcc/arm-none-eabi/7.3.1/../../../../arm-none-eabi/lib/thumb/v7e-m/fpv4-sp/hard\libc_nano.a(lib_a-exit.o) (_global_impure_ptr)
c:/users/massi/stm32cubeide_1.5.0/stm32cubeide/plugins/com.st.stm32cube.ide.mcu.externaltools.gnu-tools-for-stm32.7-2018-q2-update.win32_1.5.0.202011040924/tools/bin/../lib/gcc/arm-none-eabi/7.3.1/../../../../arm-none-eabi/lib/thumb/v7e-m/fpv4-sp/hard\libc_nano.a(lib_a-init.o)
                              c:/users/massi/stm32cubeide_1.5.0/stm32cubeide/plugins/com.st.stm32cube.ide.mcu.externaltools.gnu-tools-for-stm32.7-2018-q2-update.win32_1.5.0.202011040924/tools/bin/../lib/gcc/arm-none-eabi/7.3.1/../../../../arm-none-eabi/lib/thumb/v7e-m/fpv4-sp/hard/crt0.o (__libc_init_array)
c:/users/massi/stm32cubeide_1.5.0/stm32cubeide/plugins/com.st.stm32cube.ide.mcu.externaltools.gnu-tools-for-stm32.7-2018-q2-update.win32_1.5.0.202011040924/tools/bin/../lib/gcc/arm-none-eabi/7.3.1/../../../../arm-none-eabi/lib/thumb/v7e-m/fpv4-sp/hard\libc_nano.a(lib_a-malloc.o)
                              Core/Src/LeptonFLiR.o (malloc)
c:/users/massi/stm32cubeide_1.5.0/stm32cubeide/plugins/com.st.stm32cube.ide.mcu.externaltools.gnu-tools-for-stm32.7-2018-q2-update.win32_1.5.0.202011040924/tools/bin/../lib/gcc/arm-none-eabi/7.3.1/../../../../arm-none-eabi/lib/thumb/v7e-m/fpv4-sp/hard\libc_nano.a(lib_a-memcpy-stub.o)
                              Core/Src/LeptonFLiR.o (memcpy)
c:/users/massi/stm32cubeide_1.5.0/stm32cubeide/plugins/com.st.stm32cube.ide.mcu.externaltools.gnu-tools-for-stm32.7-2018-q2-update.win32_1.5.0.202011040924/tools/bin/../lib/gcc/arm-none-eabi/7.3.1/../../../../arm-none-eabi/lib/thumb/v7e-m/fpv4-sp/hard\libc_nano.a(lib_a-memset.o)
                              c:/users/massi/stm32cubeide_1.5.0/stm32cubeide/plugins/com.st.stm32cube.ide.mcu.externaltools.gnu-tools-for-stm32.7-2018-q2-update.win32_1.5.0.202011040924/tools/bin/../lib/gcc/arm-none-eabi/7.3.1/../../../../arm-none-eabi/lib/thumb/v7e-m/fpv4-sp/hard/crt0.o (memset)
c:/users/massi/stm32cubeide_1.5.0/stm32cubeide/plugins/com.st.stm32cube.ide.mcu.externaltools.gnu-tools-for-stm32.7-2018-q2-update.win32_1.5.0.202011040924/tools/bin/../lib/gcc/arm-none-eabi/7.3.1/../../../../arm-none-eabi/lib/thumb/v7e-m/fpv4-sp/hard\libc_nano.a(lib_a-nano-freer.o)
                              c:/users/massi/stm32cubeide_1.5.0/stm32cubeide/plugins/com.st.stm32cube.ide.mcu.externaltools.gnu-tools-for-stm32.7-2018-q2-update.win32_1.5.0.202011040924/tools/bin/../lib/gcc/arm-none-eabi/7.3.1/../../../../arm-none-eabi/lib/thumb/v7e-m/fpv4-sp/hard\libc_nano.a(lib_a-malloc.o) (_free_r)
c:/users/massi/stm32cubeide_1.5.0/stm32cubeide/plugins/com.st.stm32cube.ide.mcu.externaltools.gnu-tools-for-stm32.7-2018-q2-update.win32_1.5.0.202011040924/tools/bin/../lib/gcc/arm-none-eabi/7.3.1/../../../../arm-none-eabi/lib/thumb/v7e-m/fpv4-sp/hard\libc_nano.a(lib_a-nano-mallocr.o)
                              c:/users/massi/stm32cubeide_1.5.0/stm32cubeide/plugins/com.st.stm32cube.ide.mcu.externaltools.gnu-tools-for-stm32.7-2018-q2-update.win32_1.5.0.202011040924/tools/bin/../lib/gcc/arm-none-eabi/7.3.1/../../../../arm-none-eabi/lib/thumb/v7e-m/fpv4-sp/hard\libc_nano.a(lib_a-malloc.o) (_malloc_r)
[...]
Memory Configuration

Name             Origin             Length             Attributes
RAM              0x0000000020000000 0x0000000000018000 xrw
FLASH            0x0000000008000000 0x0000000000080000 xr
*default*        0x0000000000000000 0xffffffffffffffff

Linker script and memory map

LOAD c:/users/massi/stm32cubeide_1.5.0/stm32cubeide/plugins/com.st.stm32cube.ide.mcu.externaltools.gnu-tools-for-stm32.7-2018-q2-update.win32_1.5.0.202011040924/tools/bin/../lib/gcc/arm-none-eabi/7.3.1/thumb/v7e-m/fpv4-sp/hard/crti.o
LOAD c:/users/massi/stm32cubeide_1.5.0/stm32cubeide/plugins/com.st.stm32cube.ide.mcu.externaltools.gnu-tools-for-stm32.7-2018-q2-update.win32_1.5.0.202011040924/tools/bin/../lib/gcc/arm-none-eabi/7.3.1/thumb/v7e-m/fpv4-sp/hard/crtbegin.o
LOAD c:/users/massi/stm32cubeide_1.5.0/stm32cubeide/plugins/com.st.stm32cube.ide.mcu.externaltools.gnu-tools-for-stm32.7-2018-q2-update.win32_1.5.0.202011040924/tools/bin/../lib/gcc/arm-none-eabi/7.3.1/../../../../arm-none-eabi/lib/thumb/v7e-m/fpv4-sp/hard/crt0.o
LOAD Core/Src/LeptonFLiR.o
LOAD Core/Src/gpio.o
LOAD Core/Src/hm01b0.o
LOAD Core/Src/i2c.o
LOAD Core/Src/main.o
LOAD Core/Src/spi.o
LOAD Core/Src/stm32f4xx_hal_msp.o
LOAD Core/Src/stm32f4xx_it.o
LOAD Core/Src/syscalls.o
LOAD Core/Src/sysmem.o
LOAD Core/Src/system_stm32f4xx.o
LOAD Core/Src/usart.o
LOAD Core/Startup/startup_stm32f401retx.o
LOAD Drivers/STM32F4xx_HAL_Driver/Src/stm32f4xx_hal.o
LOAD Drivers/STM32F4xx_HAL_Driver/Src/stm32f4xx_hal_cortex.o
LOAD Drivers/STM32F4xx_HAL_Driver/Src/stm32f4xx_hal_dma.o
LOAD Drivers/STM32F4xx_HAL_Driver/Src/stm32f4xx_hal_dma_ex.o
LOAD Drivers/STM32F4xx_HAL_Driver/Src/stm32f4xx_hal_exti.o
LOAD Drivers/STM32F4xx_HAL_Driver/Src/stm32f4xx_hal_flash.o
LOAD Drivers/STM32F4xx_HAL_Driver/Src/stm32f4xx_hal_flash_ex.o
LOAD Drivers/STM32F4xx_HAL_Driver/Src/stm32f4xx_hal_flash_ramfunc.o
LOAD Drivers/STM32F4xx_HAL_Driver/Src/stm32f4xx_hal_gpio.o
LOAD Drivers/STM32F4xx_HAL_Driver/Src/stm32f4xx_hal_i2c.o
LOAD Drivers/STM32F4xx_HAL_Driver/Src/stm32f4xx_hal_i2c_ex.o
LOAD Drivers/STM32F4xx_HAL_Driver/Src/stm32f4xx_hal_pwr.o
LOAD Drivers/STM32F4xx_HAL_Driver/Src/stm32f4xx_hal_pwr_ex.o
LOAD Drivers/STM32F4xx_HAL_Driver/Src/stm32f4xx_hal_rcc.o
LOAD Drivers/STM32F4xx_HAL_Driver/Src/stm32f4xx_hal_rcc_ex.o
LOAD Drivers/STM32F4xx_HAL_Driver/Src/stm32f4xx_hal_spi.o
LOAD Drivers/STM32F4xx_HAL_Driver/Src/stm32f4xx_hal_tim.o
LOAD Drivers/STM32F4xx_HAL_Driver/Src/stm32f4xx_hal_tim_ex.o
LOAD Drivers/STM32F4xx_HAL_Driver/Src/stm32f4xx_hal_uart.o
START GROUP
LOAD c:/users/massi/stm32cubeide_1.5.0/stm32cubeide/plugins/com.st.stm32cube.ide.mcu.externaltools.gnu-tools-for-stm32.7-2018-q2-update.win32_1.5.0.202011040924/tools/bin/../lib/gcc/arm-none-eabi/7.3.1/../../../../arm-none-eabi/lib/thumb/v7e-m/fpv4-sp/hard\libstdc++_nano.a
LOAD c:/users/massi/stm32cubeide_1.5.0/stm32cubeide/plugins/com.st.stm32cube.ide.mcu.externaltools.gnu-tools-for-stm32.7-2018-q2-update.win32_1.5.0.202011040924/tools/bin/../lib/gcc/arm-none-eabi/7.3.1/../../../../arm-none-eabi/lib/thumb/v7e-m/fpv4-sp/hard\libsupc++_nano.a
END GROUP
LOAD c:/users/massi/stm32cubeide_1.5.0/stm32cubeide/plugins/com.st.stm32cube.ide.mcu.externaltools.gnu-tools-for-stm32.7-2018-q2-update.win32_1.5.0.202011040924/tools/bin/../lib/gcc/arm-none-eabi/7.3.1/../../../../arm-none-eabi/lib/thumb/v7e-m/fpv4-sp/hard\libstdc++_nano.a
LOAD c:/users/massi/stm32cubeide_1.5.0/stm32cubeide/plugins/com.st.stm32cube.ide.mcu.externaltools.gnu-tools-for-stm32.7-2018-q2-update.win32_1.5.0.202011040924/tools/bin/../lib/gcc/arm-none-eabi/7.3.1/../../../../arm-none-eabi/lib/thumb/v7e-m/fpv4-sp/hard\libm.a
LOAD c:/users/massi/stm32cubeide_1.5.0/stm32cubeide/plugins/com.st.stm32cube.ide.mcu.externaltools.gnu-tools-for-stm32.7-2018-q2-update.win32_1.5.0.202011040924/tools/bin/../lib/gcc/arm-none-eabi/7.3.1/../../../../arm-none-eabi/lib/thumb/v7e-m/fpv4-sp/hard\libc_nano.a
START GROUP
LOAD c:/users/massi/stm32cubeide_1.5.0/stm32cubeide/plugins/com.st.stm32cube.ide.mcu.externaltools.gnu-tools-for-stm32.7-2018-q2-update.win32_1.5.0.202011040924/tools/bin/../lib/gcc/arm-none-eabi/7.3.1/thumb/v7e-m/fpv4-sp/hard\libgcc.a
LOAD c:/users/massi/stm32cubeide_1.5.0/stm32cubeide/plugins/com.st.stm32cube.ide.mcu.externaltools.gnu-tools-for-stm32.7-2018-q2-update.win32_1.5.0.202011040924/tools/bin/../lib/gcc/arm-none-eabi/7.3.1/../../../../arm-none-eabi/lib/thumb/v7e-m/fpv4-sp/hard\libc_nano.a
END GROUP
START GROUP
LOAD c:/users/massi/stm32cubeide_1.5.0/stm32cubeide/plugins/com.st.stm32cube.ide.mcu.externaltools.gnu-tools-for-stm32.7-2018-q2-update.win32_1.5.0.202011040924/tools/bin/../lib/gcc/arm-none-eabi/7.3.1/thumb/v7e-m/fpv4-sp/hard\libgcc.a
LOAD c:/users/massi/stm32cubeide_1.5.0/stm32cubeide/plugins/com.st.stm32cube.ide.mcu.externaltools.gnu-tools-for-stm32.7-2018-q2-update.win32_1.5.0.202011040924/tools/bin/../lib/gcc/arm-none-eabi/7.3.1/../../../../arm-none-eabi/lib/thumb/v7e-m/fpv4-sp/hard\libc_nano.a
LOAD c:/users/massi/stm32cubeide_1.5.0/stm32cubeide/plugins/com.st.stm32cube.ide.mcu.externaltools.gnu-tools-for-stm32.7-2018-q2-update.win32_1.5.0.202011040924/tools/bin/../lib/gcc/arm-none-eabi/7.3.1/../../../../arm-none-eabi/lib/thumb/v7e-m/fpv4-sp/hard\libnosys.a
END GROUP
START GROUP
LOAD c:/users/massi/stm32cubeide_1.5.0/stm32cubeide/plugins/com.st.stm32cube.ide.mcu.externaltools.gnu-tools-for-stm32.7-2018-q2-update.win32_1.5.0.202011040924/tools/bin/../lib/gcc/arm-none-eabi/7.3.1/thumb/v7e-m/fpv4-sp/hard\libgcc.a
LOAD c:/users/massi/stm32cubeide_1.5.0/stm32cubeide/plugins/com.st.stm32cube.ide.mcu.externaltools.gnu-tools-for-stm32.7-2018-q2-update.win32_1.5.0.202011040924/tools/bin/../lib/gcc/arm-none-eabi/7.3.1/../../../../arm-none-eabi/lib/thumb/v7e-m/fpv4-sp/hard\libc_nano.a
LOAD c:/users/massi/stm32cubeide_1.5.0/stm32cubeide/plugins/com.st.stm32cube.ide.mcu.externaltools.gnu-tools-for-stm32.7-2018-q2-update.win32_1.5.0.202011040924/tools/bin/../lib/gcc/arm-none-eabi/7.3.1/../../../../arm-none-eabi/lib/thumb/v7e-m/fpv4-sp/hard\libnosys.a
END GROUP
LOAD c:/users/massi/stm32cubeide_1.5.0/stm32cubeide/plugins/com.st.stm32cube.ide.mcu.externaltools.gnu-tools-for-stm32.7-2018-q2-update.win32_1.5.0.202011040924/tools/bin/../lib/gcc/arm-none-eabi/7.3.1/thumb/v7e-m/fpv4-sp/hard/crtend.o
LOAD c:/users/massi/stm32cubeide_1.5.0/stm32cubeide/plugins/com.st.stm32cube.ide.mcu.externaltools.gnu-tools-for-stm32.7-2018-q2-update.win32_1.5.0.202011040924/tools/bin/../lib/gcc/arm-none-eabi/7.3.1/thumb/v7e-m/fpv4-sp/hard/crtn.o
                0x0000000020018000                _estack = (ORIGIN (RAM) + LENGTH (RAM))
                0x0000000000000200                _Min_Heap_Size = 0x200
                0x0000000000000400                _Min_Stack_Size = 0x400

.isr_vector     0x0000000008000000      0x194
                0x0000000008000000                . = ALIGN (0x4)
 *(.isr_vector)
 .isr_vector    0x0000000008000000      0x194 Core/Startup/startup_stm32f401retx.o
                0x0000000008000000                g_pfnVectors
                0x0000000008000194                . = ALIGN (0x4)

.text           0x0000000008000194     0x54d0
                0x0000000008000194                . = ALIGN (0x4)
 *(.text)
 .text          0x0000000008000194       0x40 c:/users/massi/stm32cubeide_1.5.0/stm32cubeide/plugins/com.st.stm32cube.ide.mcu.externaltools.gnu-tools-for-stm32.7-2018-q2-update.win32_1.5.0.202011040924/tools/bin/../lib/gcc/arm-none-eabi/7.3.1/thumb/v7e-m/fpv4-sp/hard/crtbegin.o
 .text          0x00000000080001d4       0x30 c:/users/massi/stm32cubeide_1.5.0/stm32cubeide/plugins/com.st.stm32cube.ide.mcu.externaltools.gnu-tools-for-stm32.7-2018-q2-update.win32_1.5.0.202011040924/tools/bin/../lib/gcc/arm-none-eabi/7.3.1/thumb/v7e-m/fpv4-sp/hard\libgcc.a(_aeabi_uldivmod.o)
                0x00000000080001d4                __aeabi_uldivmod
 .text          0x0000000008000204      0x2cc c:/users/massi/stm32cubeide_1.5.0/stm32cubeide/plugins/com.st.stm32cube.ide.mcu.externaltools.gnu-tools-for-stm32.7-2018-q2-update.win32_1.5.0.202011040924/tools/bin/../lib/gcc/arm-none-eabi/7.3.1/thumb/v7e-m/fpv4-sp/hard\libgcc.a(_udivmoddi4.o)
                0x0000000008000204                __udivmoddi4
 .text          0x00000000080004d0        0x4 c:/users/massi/stm32cubeide_1.5.0/stm32cubeide/plugins/com.st.stm32cube.ide.mcu.externaltools.gnu-tools-for-stm32.7-2018-q2-update.win32_1.5.0.202011040924/tools/bin/../lib/gcc/arm-none-eabi/7.3.1/thumb/v7e-m/fpv4-sp/hard\libgcc.a(_dvmd_tls.o)
                0x00000000080004d0                __aeabi_idiv0
                0x00000000080004d0                __aeabi_ldiv0
 *(.text*)
 .text._Z6millisv
                0x00000000080004d4       0x24 Core/Src/LeptonFLiR.o
                0x00000000080004d4                millis()
 .text._Z9constrainiii
                0x00000000080004f8       0x78 Core/Src/LeptonFLiR.o
                0x00000000080004f8                constrain(int, int, int)
 .text._ZL12roundUpVal16i
                0x0000000008000570       0x1c Core/Src/LeptonFLiR.o
 .text._ZL12roundUpPtr16Ph
                0x000000000800058c       0x26 Core/Src/LeptonFLiR.o
 .text._ZL15roundUpMalloc16i
                0x00000000080005b2       0x1c Core/Src/LeptonFLiR.o
 .text._ZL17roundUpSpiFrame16Ph
                0x00000000080005ce       0x24 Core/Src/LeptonFLiR.o
 .text._ZN10LeptonFLiRC2Ev
                0x00000000080005f2       0x46 Core/Src/LeptonFLiR.o
                0x00000000080005f2                LeptonFLiR::LeptonFLiR()
                0x00000000080005f2                LeptonFLiR::LeptonFLiR()
 .text._ZN10LeptonFLiR4initE27LeptonFLiR_ImageStorageMode26LeptonFLiR_TemperatureMode
                0x0000000008000638       0x78 Core/Src/LeptonFLiR.o
                0x0000000008000638                LeptonFLiR::init(LeptonFLiR_ImageStorageMode, LeptonFLiR_TemperatureMode)
 .text._ZN10LeptonFLiR13getImageWidthEv
                0x00000000080006b0       0x54 Core/Src/LeptonFLiR.o
                0x00000000080006b0                LeptonFLiR::getImageWidth()
 .text._ZN10LeptonFLiR14getImageHeightEv
                0x0000000008000704       0x54 Core/Src/LeptonFLiR.o
                0x0000000008000704                LeptonFLiR::getImageHeight()
 .text._ZN10LeptonFLiR11getImageBppEv
                0x0000000008000758       0x54 Core/Src/LeptonFLiR.o
                0x0000000008000758                LeptonFLiR::getImageBpp()
 .text._ZN10LeptonFLiR13getImagePitchEv
                0x00000000080007ac       0x94 Core/Src/LeptonFLiR.o
                0x00000000080007ac                LeptonFLiR::getImagePitch()
 .text._ZN10LeptonFLiR18getImageTotalBytesEv
                0x0000000008000840       0x3c Core/Src/LeptonFLiR.o
                0x0000000008000840                LeptonFLiR::getImageTotalBytes()
 .text._ZN10LeptonFLiR16_getImageDataRowEi
                0x000000000800087c       0x3a Core/Src/LeptonFLiR.o
                0x000000000800087c                LeptonFLiR::_getImageDataRow(int)
 .text._ZN10LeptonFLiR22RGB_getImageDataRowColEii
                0x00000000080008b6       0x50 Core/Src/LeptonFLiR.o
                0x00000000080008b6                LeptonFLiR::RGB_getImageDataRowCol(int, int)
 .text._ZN10LeptonFLiR22RAW_getImageDataRowColEii
                0x0000000008000906       0x54 Core/Src/LeptonFLiR.o
                0x0000000008000906                LeptonFLiR::RAW_getImageDataRowCol(int, int)
 *fill*         0x000000000800095a        0x2 
 .text._ZN10LeptonFLiR16getSPIFrameLinesEv
                0x000000000800095c       0x54 Core/Src/LeptonFLiR.o
                0x000000000800095c                LeptonFLiR::getSPIFrameLines()
 .text._ZN10LeptonFLiR21getSPIFrameTotalBytesEv
                0x00000000080009b0       0x2c Core/Src/LeptonFLiR.o
                0x00000000080009b0                LeptonFLiR::getSPIFrameTotalBytes()
 .text._ZN10LeptonFLiR18getSPIFrameDataRowEi
                0x00000000080009dc       0x38 Core/Src/LeptonFLiR.o
                0x00000000080009dc                LeptonFLiR::getSPIFrameDataRow(int)
 .text._ZL12SPI_TransferPti
                0x0000000008000a14       0x60 Core/Src/LeptonFLiR.o
 .text._ZN10LeptonFLiR12readInitDataEv
                0x0000000008000a74      0x24c Core/Src/LeptonFLiR.o
                0x0000000008000a74                LeptonFLiR::readInitData()
 .text._ZN10LeptonFLiR13readNextFrameEv
                0x0000000008000cc0      0x2f4 Core/Src/LeptonFLiR.o
                0x0000000008000cc0                LeptonFLiR::readNextFrame()
 .text._ZN10LeptonFLiR12Lepton_setupEP6LEPTON
                0x0000000008000fb4       0xd4 Core/Src/LeptonFLiR.o
                0x0000000008000fb4                LeptonFLiR::Lepton_setup(LEPTON*)
 .text._ZN10LeptonFLiR17agc_setAGCEnabledE18LEP_AGC_ENABLE_TAG
                0x0000000008001088       0x2e Core/Src/LeptonFLiR.o
                0x0000000008001088                LeptonFLiR::agc_setAGCEnabled(LEP_AGC_ENABLE_TAG)
 .text._ZN10LeptonFLiR16agc_setAGCPolicyE14LEP_AGC_POLICY
                0x00000000080010b6       0x2e Core/Src/LeptonFLiR.o
                0x00000000080010b6                LeptonFLiR::agc_setAGCPolicy(LEP_AGC_POLICY)
 .text._ZN10LeptonFLiR23sys_setTelemetryEnabledEb
                0x00000000080010e4       0xa4 Core/Src/LeptonFLiR.o
                0x00000000080010e4                LeptonFLiR::sys_setTelemetryEnabled(bool)
 .text._ZN10LeptonFLiR21vid_setPseudoColorLUTE18LEP_VID_PCOLOR_LUT
                0x0000000008001188       0x2e Core/Src/LeptonFLiR.o
                0x0000000008001188                LeptonFLiR::vid_setPseudoColorLUT(LEP_VID_PCOLOR_LUT)
 .text._ZN10LeptonFLiR22agc_setHistogramRegionEP21LEP_AGC_HISTOGRAM_ROI
                0x00000000080011b6       0x34 Core/Src/LeptonFLiR.o
                0x00000000080011b6                LeptonFLiR::agc_setHistogramRegion(LEP_AGC_HISTOGRAM_ROI*)
 .text._ZN10LeptonFLiR21sys_runFrameAveragingEv
                0x00000000080011ea       0x26 Core/Src/LeptonFLiR.o
                0x00000000080011ea                LeptonFLiR::sys_runFrameAveraging()
 .text._ZN10LeptonFLiR25sys_setNumFramesToAverageE21LEP_SYS_FRAME_AVERAGE
                0x0000000008001210       0x2e Core/Src/LeptonFLiR.o
                0x0000000008001210                LeptonFLiR::sys_setNumFramesToAverage(LEP_SYS_FRAME_AVERAGE)
 .text._ZN10LeptonFLiR16oem_setVideoModeE27LEP_OEM_VIDEO_OUTPUT_FORMAT
                0x000000000800123e       0x34 Core/Src/LeptonFLiR.o
                0x000000000800123e                LeptonFLiR::oem_setVideoMode(LEP_OEM_VIDEO_OUTPUT_FORMAT)
 .text._ZN10LeptonFLiR16oem_getVideoModeEv
                0x0000000008001272       0x30 Core/Src/LeptonFLiR.o
                0x0000000008001272                LeptonFLiR::oem_getVideoMode()
 .text._ZN10LeptonFLiR16waitCommandBeginEi
                0x00000000080012a2       0xb8 Core/Src/LeptonFLiR.o
                0x00000000080012a2                LeptonFLiR::waitCommandBegin(int)
 .text._ZN10LeptonFLiR17waitCommandFinishEi
                0x000000000800135a       0xca Core/Src/LeptonFLiR.o
                0x000000000800135a                LeptonFLiR::waitCommandFinish(int)
 .text._ZN10LeptonFLiR7cmdCodeEtt
                0x0000000008001424       0x34 Core/Src/LeptonFLiR.o
                0x0000000008001424                LeptonFLiR::cmdCode(unsigned short, unsigned short)
 .text._ZN10LeptonFLiR10cmdCodeOEMEtt
                0x0000000008001458       0x3a Core/Src/LeptonFLiR.o
                0x0000000008001458                LeptonFLiR::cmdCodeOEM(unsigned short, unsigned short)
 .text._ZN10LeptonFLiR11sendCommandEt
                0x0000000008001492       0x4a Core/Src/LeptonFLiR.o
                0x0000000008001492                LeptonFLiR::sendCommand(unsigned short)
 .text._ZN10LeptonFLiR11sendCommandEtm
                0x00000000080014dc       0x4c Core/Src/LeptonFLiR.o
                0x00000000080014dc                LeptonFLiR::sendCommand(unsigned short, unsigned long)
 .text._ZN10LeptonFLiR11sendCommandEtPti
                0x0000000008001528       0x4e Core/Src/LeptonFLiR.o
                0x0000000008001528                LeptonFLiR::sendCommand(unsigned short, unsigned short*, int)
 .text._ZN10LeptonFLiR14receiveCommandEtPm
                0x0000000008001576       0x5c Core/Src/LeptonFLiR.o
                0x0000000008001576                LeptonFLiR::receiveCommand(unsigned short, unsigned long*)
 .text._ZSt3minIiERKT_S2_S2_
                0x00000000080015d2       0x28 Core/Src/LeptonFLiR.o
                0x00000000080015d2                int const& std::min<int>(int const&, int const&)
 *fill*         0x00000000080015fa        0x2 
 .text._ZN10LeptonFLiR16writeCmdRegisterEtPti
                0x00000000080015fc      0x158 Core/Src/LeptonFLiR.o
                0x00000000080015fc                LeptonFLiR::writeCmdRegister(unsigned short, unsigned short*, int)
 .text._ZN10LeptonFLiR16readDataRegisterEPti
                0x0000000008001754      0x22c Core/Src/LeptonFLiR.o
                0x0000000008001754                LeptonFLiR::readDataRegister(unsigned short*, int)
 .text._ZN10LeptonFLiR13writeRegisterEtt
                0x0000000008001980       0x58 Core/Src/LeptonFLiR.o
                0x0000000008001980                LeptonFLiR::writeRegister(unsigned short, unsigned short)
 .text._ZN10LeptonFLiR12readRegisterEtPt
                0x00000000080019d8       0x64 Core/Src/LeptonFLiR.o
                0x00000000080019d8                LeptonFLiR::readRegister(unsigned short, unsigned short*)
 .text._Z41__static_initialization_and_destruction_0ii
                0x0000000008001a3c       0x34 Core/Src/LeptonFLiR.o
 .text._GLOBAL__sub_I_msg_len
                0x0000000008001a70       0x10 Core/Src/LeptonFLiR.o
 .text.MX_GPIO_Init
                0x0000000008001a80      0x148 Core/Src/gpio.o
                0x0000000008001a80                MX_GPIO_Init
 .text._Z16hm01b0_reg_writeth
                0x0000000008001bc8       0x3c Core/Src/hm01b0.o
                0x0000000008001bc8                hm01b0_reg_write(unsigned short, unsigned char)
 .text._Z15hm01b0_reg_readt
                0x0000000008001c04       0x38 Core/Src/hm01b0.o
                0x0000000008001c04                hm01b0_reg_read(unsigned short)
 .text._Z23hm01b0_reg_default_initv
                0x0000000008001c3c      0x152 Core/Src/hm01b0.o
                0x0000000008001c3c                hm01b0_reg_default_init()
 *fill*         0x0000000008001d8e        0x2 
 .text._Z15hm01b0_set_modeh
                0x0000000008001d90       0x6c Core/Src/hm01b0.o
                0x0000000008001d90                hm01b0_set_mode(unsigned char)
 .text._Z21hm01b0_set_resolutionP6HM01B0
                0x0000000008001dfc      0x11c Core/Src/hm01b0.o
                0x0000000008001dfc                hm01b0_set_resolution(HM01B0*)
 .text._Z19hm01b0_test_patternh
                0x0000000008001f18       0x50 Core/Src/hm01b0.o
                0x0000000008001f18                hm01b0_test_pattern(unsigned char)
 .text._Z18STM_hm01b0_captureP6HM01B0
                0x0000000008001f68      0x148 Core/Src/hm01b0.o
                0x0000000008001f68                STM_hm01b0_capture(HM01B0*)
 .text._Z17get_frame_row_colP6HM01B0ii
                0x00000000080020b0       0x5c Core/Src/hm01b0.o
                0x00000000080020b0                get_frame_row_col(HM01B0*, int, int)
 .text._Z12hm01b0_setupP6HM01B0
                0x000000000800210c       0x3a Core/Src/hm01b0.o
                0x000000000800210c                hm01b0_setup(HM01B0*)
 *fill*         0x0000000008002146        0x2 
 .text.MX_I2C1_Init
                0x0000000008002148       0x5c Core/Src/i2c.o
                0x0000000008002148                MX_I2C1_Init
 .text.MX_I2C2_Init
                0x00000000080021a4       0x5c Core/Src/i2c.o
                0x00000000080021a4                MX_I2C2_Init
 .text.HAL_I2C_MspInit
                0x0000000008002200      0x11c Core/Src/i2c.o
                0x0000000008002200                HAL_I2C_MspInit
 .text.main     0x000000000800231c      0x280 Core/Src/main.o
                0x000000000800231c                main
 .text._Z18SystemClock_Configv
                0x000000000800259c       0xf4 Core/Src/main.o
                0x000000000800259c                SystemClock_Config()
 .text.HAL_GPIO_EXTI_Callback
                0x0000000008002690       0x30 Core/Src/main.o
                0x0000000008002690                HAL_GPIO_EXTI_Callback
 .text.Error_Handler
                0x00000000080026c0        0x8 Core/Src/main.o
                0x00000000080026c0                Error_Handler
 .text.MX_SPI1_Init
                0x00000000080026c8       0x70 Core/Src/spi.o
                0x00000000080026c8                MX_SPI1_Init
 .text.HAL_SPI_MspInit
                0x0000000008002738       0x90 Core/Src/spi.o
                0x0000000008002738                HAL_SPI_MspInit
 .text.HAL_MspInit
                0x00000000080027c8       0x60 Core/Src/stm32f4xx_hal_msp.o
                0x00000000080027c8                HAL_MspInit
 .text.NMI_Handler
                0x0000000008002828        0x6 Core/Src/stm32f4xx_it.o
                0x0000000008002828                NMI_Handler
 .text.HardFault_Handler
                0x000000000800282e        0x6 Core/Src/stm32f4xx_it.o
                0x000000000800282e                HardFault_Handler
 .text.MemManage_Handler
                0x0000000008002834        0x6 Core/Src/stm32f4xx_it.o
                0x0000000008002834                MemManage_Handler
 .text.BusFault_Handler
                0x000000000800283a        0x6 Core/Src/stm32f4xx_it.o
                0x000000000800283a                BusFault_Handler
 .text.UsageFault_Handler
                0x0000000008002840        0x6 Core/Src/stm32f4xx_it.o
                0x0000000008002840                UsageFault_Handler
 .text.SVC_Handler
                0x0000000008002846        0xe Core/Src/stm32f4xx_it.o
                0x0000000008002846                SVC_Handler
 .text.DebugMon_Handler
                0x0000000008002854        0xe Core/Src/stm32f4xx_it.o
                0x0000000008002854                DebugMon_Handler
 .text.PendSV_Handler
                0x0000000008002862        0xe Core/Src/stm32f4xx_it.o
                0x0000000008002862                PendSV_Handler
 .text.SysTick_Handler
                0x0000000008002870        0xc Core/Src/stm32f4xx_it.o
                0x0000000008002870                SysTick_Handler
 .text.EXTI15_10_IRQHandler
                0x000000000800287c       0x10 Core/Src/stm32f4xx_it.o
                0x000000000800287c                EXTI15_10_IRQHandler
 .text.FPU_IRQHandler
                0x000000000800288c        0xe Core/Src/stm32f4xx_it.o
                0x000000000800288c                FPU_IRQHandler
 *fill*         0x000000000800289a        0x2 
 .text._sbrk    0x000000000800289c       0x6c Core/Src/sysmem.o
                0x000000000800289c                _sbrk
 .text.SystemInit
                0x0000000008002908       0x2c Core/Src/system_stm32f4xx.o
                0x0000000008002908                SystemInit
 .text.MX_USART2_UART_Init
                0x0000000008002934       0x54 Core/Src/usart.o
                0x0000000008002934                MX_USART2_UART_Init
 .text.HAL_UART_MspInit
                0x0000000008002988       0x90 Core/Src/usart.o
                0x0000000008002988                HAL_UART_MspInit
 .text.Reset_Handler
                0x0000000008002a18       0x50 Core/Startup/startup_stm32f401retx.o
                0x0000000008002a18                Reset_Handler
 .text.Default_Handler
                0x0000000008002a68        0x2 Core/Startup/startup_stm32f401retx.o
                0x0000000008002a68                RTC_Alarm_IRQHandler
                0x0000000008002a68                EXTI2_IRQHandler
                0x0000000008002a68                SPI4_IRQHandler
                0x0000000008002a68                TIM1_CC_IRQHandler
                0x0000000008002a68                DMA2_Stream5_IRQHandler
                0x0000000008002a68                DMA1_Stream5_IRQHandler
                0x0000000008002a68                PVD_IRQHandler
                0x0000000008002a68                SDIO_IRQHandler
                0x0000000008002a68                TAMP_STAMP_IRQHandler
                0x0000000008002a68                EXTI3_IRQHandler
                0x0000000008002a68                TIM1_UP_TIM10_IRQHandler
                0x0000000008002a68                I2C3_ER_IRQHandler
                0x0000000008002a68                EXTI0_IRQHandler
                0x0000000008002a68                I2C2_EV_IRQHandler
                0x0000000008002a68                DMA1_Stream2_IRQHandler
                0x0000000008002a68                DMA2_Stream2_IRQHandler
                0x0000000008002a68                SPI1_IRQHandler
                0x0000000008002a68                TIM1_BRK_TIM9_IRQHandler
                0x0000000008002a68                DMA2_Stream3_IRQHandler
                0x0000000008002a68                USART6_IRQHandler
                0x0000000008002a68                DMA2_Stream0_IRQHandler
                0x0000000008002a68                TIM4_IRQHandler
                0x0000000008002a68                I2C1_EV_IRQHandler
                0x0000000008002a68                DMA1_Stream6_IRQHandler
                0x0000000008002a68                DMA1_Stream1_IRQHandler
                0x0000000008002a68                TIM3_IRQHandler
                0x0000000008002a68                RCC_IRQHandler
                0x0000000008002a68                Default_Handler
                0x0000000008002a68                ADC_IRQHandler
                0x0000000008002a68                DMA1_Stream7_IRQHandler
                0x0000000008002a68                TIM5_IRQHandler
                0x0000000008002a68                DMA2_Stream7_IRQHandler
                0x0000000008002a68                I2C3_EV_IRQHandler
                0x0000000008002a68                EXTI9_5_IRQHandler
                0x0000000008002a68                RTC_WKUP_IRQHandler
                0x0000000008002a68                SPI2_IRQHandler
                0x0000000008002a68                DMA1_Stream0_IRQHandler
                0x0000000008002a68                EXTI4_IRQHandler
                0x0000000008002a68                WWDG_IRQHandler
                0x0000000008002a68                TIM2_IRQHandler
                0x0000000008002a68                OTG_FS_WKUP_IRQHandler
                0x0000000008002a68                TIM1_TRG_COM_TIM11_IRQHandler
                0x0000000008002a68                EXTI1_IRQHandler
                0x0000000008002a68                USART2_IRQHandler
                0x0000000008002a68                I2C2_ER_IRQHandler
                0x0000000008002a68                DMA2_Stream1_IRQHandler
                0x0000000008002a68                FLASH_IRQHandler
                0x0000000008002a68                DMA2_Stream4_IRQHandler
                0x0000000008002a68                USART1_IRQHandler
                0x0000000008002a68                OTG_FS_IRQHandler
                0x0000000008002a68                SPI3_IRQHandler
                0x0000000008002a68                DMA1_Stream4_IRQHandler
                0x0000000008002a68                I2C1_ER_IRQHandler
                0x0000000008002a68                DMA2_Stream6_IRQHandler
                0x0000000008002a68                DMA1_Stream3_IRQHandler
 *fill*         0x0000000008002a6a        0x2 
 .text.HAL_Init
                0x0000000008002a6c       0x44 Drivers/STM32F4xx_HAL_Driver/Src/stm32f4xx_hal.o
                0x0000000008002a6c                HAL_Init
 .text.HAL_InitTick
                0x0000000008002ab0       0x60 Drivers/STM32F4xx_HAL_Driver/Src/stm32f4xx_hal.o
                0x0000000008002ab0                HAL_InitTick
 .text.HAL_IncTick
                0x0000000008002b10       0x28 Drivers/STM32F4xx_HAL_Driver/Src/stm32f4xx_hal.o
                0x0000000008002b10                HAL_IncTick
 .text.HAL_GetTick
                0x0000000008002b38       0x18 Drivers/STM32F4xx_HAL_Driver/Src/stm32f4xx_hal.o
                0x0000000008002b38                HAL_GetTick
 .text.HAL_Delay
                0x0000000008002b50       0x44 Drivers/STM32F4xx_HAL_Driver/Src/stm32f4xx_hal.o
                0x0000000008002b50                HAL_Delay
 .text.__NVIC_SetPriorityGrouping
                0x0000000008002b94       0x48 Drivers/STM32F4xx_HAL_Driver/Src/stm32f4xx_hal_cortex.o
 .text.__NVIC_GetPriorityGrouping
                0x0000000008002bdc       0x1c Drivers/STM32F4xx_HAL_Driver/Src/stm32f4xx_hal_cortex.o
 .text.__NVIC_EnableIRQ
                0x0000000008002bf8       0x3c Drivers/STM32F4xx_HAL_Driver/Src/stm32f4xx_hal_cortex.o
 .text.__NVIC_SetPriority
                0x0000000008002c34       0x54 Drivers/STM32F4xx_HAL_Driver/Src/stm32f4xx_hal_cortex.o
 .text.NVIC_EncodePriority
                0x0000000008002c88       0x66 Drivers/STM32F4xx_HAL_Driver/Src/stm32f4xx_hal_cortex.o
 *fill*         0x0000000008002cee        0x2 
 .text.SysTick_Config
                0x0000000008002cf0       0x44 Drivers/STM32F4xx_HAL_Driver/Src/stm32f4xx_hal_cortex.o
 .text.HAL_NVIC_SetPriorityGrouping
                0x0000000008002d34       0x16 Drivers/STM32F4xx_HAL_Driver/Src/stm32f4xx_hal_cortex.o
                0x0000000008002d34                HAL_NVIC_SetPriorityGrouping
 .text.HAL_NVIC_SetPriority
                0x0000000008002d4a       0x38 Drivers/STM32F4xx_HAL_Driver/Src/stm32f4xx_hal_cortex.o
                0x0000000008002d4a                HAL_NVIC_SetPriority
 .text.HAL_NVIC_EnableIRQ
                0x0000000008002d82       0x1c Drivers/STM32F4xx_HAL_Driver/Src/stm32f4xx_hal_cortex.o
                0x0000000008002d82                HAL_NVIC_EnableIRQ
 .text.HAL_SYSTICK_Config
                0x0000000008002d9e       0x18 Drivers/STM32F4xx_HAL_Driver/Src/stm32f4xx_hal_cortex.o
                0x0000000008002d9e                HAL_SYSTICK_Config
 *fill*         0x0000000008002db6        0x2 
 .text.HAL_GPIO_Init
                0x0000000008002db8      0x304 Drivers/STM32F4xx_HAL_Driver/Src/stm32f4xx_hal_gpio.o
                0x0000000008002db8                HAL_GPIO_Init
 .text.HAL_GPIO_WritePin
                0x00000000080030bc       0x32 Drivers/STM32F4xx_HAL_Driver/Src/stm32f4xx_hal_gpio.o
                0x00000000080030bc                HAL_GPIO_WritePin
 *fill*         0x00000000080030ee        0x2 
 .text.HAL_GPIO_EXTI_IRQHandler
                0x00000000080030f0       0x30 Drivers/STM32F4xx_HAL_Driver/Src/stm32f4xx_hal_gpio.o
                0x00000000080030f0                HAL_GPIO_EXTI_IRQHandler
 .text.HAL_I2C_Init
                0x0000000008003120      0x270 Drivers/STM32F4xx_HAL_Driver/Src/stm32f4xx_hal_i2c.o
                0x0000000008003120                HAL_I2C_Init
 .text.HAL_I2C_Mem_Write
                0x0000000008003390      0x1f4 Drivers/STM32F4xx_HAL_Driver/Src/stm32f4xx_hal_i2c.o
                0x0000000008003390                HAL_I2C_Mem_Write
 .text.HAL_I2C_Mem_Read
                0x0000000008003584      0x44c Drivers/STM32F4xx_HAL_Driver/Src/stm32f4xx_hal_i2c.o
                0x0000000008003584                HAL_I2C_Mem_Read
 .text.I2C_RequestMemoryWrite
                0x00000000080039d0      0x12c Drivers/STM32F4xx_HAL_Driver/Src/stm32f4xx_hal_i2c.o
 .text.I2C_RequestMemoryRead
                0x0000000008003afc      0x1d0 Drivers/STM32F4xx_HAL_Driver/Src/stm32f4xx_hal_i2c.o
 .text.I2C_WaitOnFlagUntilTimeout
                0x0000000008003ccc       0xae Drivers/STM32F4xx_HAL_Driver/Src/stm32f4xx_hal_i2c.o
 .text.I2C_WaitOnMasterAddressFlagUntilTimeout
                0x0000000008003d7a       0xfe Drivers/STM32F4xx_HAL_Driver/Src/stm32f4xx_hal_i2c.o
 .text.I2C_WaitOnTXEFlagUntilTimeout
                0x0000000008003e78       0x82 Drivers/STM32F4xx_HAL_Driver/Src/stm32f4xx_hal_i2c.o
 .text.I2C_WaitOnBTFFlagUntilTimeout
                0x0000000008003efa       0x82 Drivers/STM32F4xx_HAL_Driver/Src/stm32f4xx_hal_i2c.o
 .text.I2C_WaitOnRXNEFlagUntilTimeout
                0x0000000008003f7c       0xac Drivers/STM32F4xx_HAL_Driver/Src/stm32f4xx_hal_i2c.o
 .text.I2C_IsAcknowledgeFailed
                0x0000000008004028       0x5e Drivers/STM32F4xx_HAL_Driver/Src/stm32f4xx_hal_i2c.o
 *fill*         0x0000000008004086        0x2 
 .text.HAL_RCC_OscConfig
                0x0000000008004088      0x4e0 Drivers/STM32F4xx_HAL_Driver/Src/stm32f4xx_hal_rcc.o
                0x0000000008004088                HAL_RCC_OscConfig
 .text.HAL_RCC_ClockConfig
                0x0000000008004568      0x1cc Drivers/STM32F4xx_HAL_Driver/Src/stm32f4xx_hal_rcc.o
                0x0000000008004568                HAL_RCC_ClockConfig
 .text.HAL_RCC_MCOConfig
                0x0000000008004734       0xd0 Drivers/STM32F4xx_HAL_Driver/Src/stm32f4xx_hal_rcc.o
                0x0000000008004734                HAL_RCC_MCOConfig
 .text.HAL_RCC_GetSysClockFreq
                0x0000000008004804      0x1b0 Drivers/STM32F4xx_HAL_Driver/Src/stm32f4xx_hal_rcc.o
                0x0000000008004804                HAL_RCC_GetSysClockFreq
 .text.HAL_RCC_GetHCLKFreq
                0x00000000080049b4       0x18 Drivers/STM32F4xx_HAL_Driver/Src/stm32f4xx_hal_rcc.o
                0x00000000080049b4                HAL_RCC_GetHCLKFreq
 .text.HAL_RCC_GetPCLK1Freq
                0x00000000080049cc       0x28 Drivers/STM32F4xx_HAL_Driver/Src/stm32f4xx_hal_rcc.o
                0x00000000080049cc                HAL_RCC_GetPCLK1Freq
 .text.HAL_RCC_GetPCLK2Freq
                0x00000000080049f4       0x28 Drivers/STM32F4xx_HAL_Driver/Src/stm32f4xx_hal_rcc.o
                0x00000000080049f4                HAL_RCC_GetPCLK2Freq
 .text.HAL_SPI_Init
                0x0000000008004a1c       0xc8 Drivers/STM32F4xx_HAL_Driver/Src/stm32f4xx_hal_spi.o
                0x0000000008004a1c                HAL_SPI_Init
 .text.HAL_UART_Init
                0x0000000008004ae4       0x9a Drivers/STM32F4xx_HAL_Driver/Src/stm32f4xx_hal_uart.o
                0x0000000008004ae4                HAL_UART_Init
 .text.HAL_UART_Transmit
                0x0000000008004b7e      0x132 Drivers/STM32F4xx_HAL_Driver/Src/stm32f4xx_hal_uart.o
                0x0000000008004b7e                HAL_UART_Transmit
 .text.UART_WaitOnFlagUntilTimeout
                0x0000000008004cb0       0x94 Drivers/STM32F4xx_HAL_Driver/Src/stm32f4xx_hal_uart.o
 .text.UART_SetConfig
                0x0000000008004d44      0x6f8 Drivers/STM32F4xx_HAL_Driver/Src/stm32f4xx_hal_uart.o
 .text.__errno  0x000000000800543c        0xc c:/users/massi/stm32cubeide_1.5.0/stm32cubeide/plugins/com.st.stm32cube.ide.mcu.externaltools.gnu-tools-for-stm32.7-2018-q2-update.win32_1.5.0.202011040924/tools/bin/../lib/gcc/arm-none-eabi/7.3.1/../../../../arm-none-eabi/lib/thumb/v7e-m/fpv4-sp/hard\libc_nano.a(lib_a-errno.o)
                0x000000000800543c                __errno
 .text.__libc_init_array
                0x0000000008005448       0x48 c:/users/massi/stm32cubeide_1.5.0/stm32cubeide/plugins/com.st.stm32cube.ide.mcu.externaltools.gnu-tools-for-stm32.7-2018-q2-update.win32_1.5.0.202011040924/tools/bin/../lib/gcc/arm-none-eabi/7.3.1/../../../../arm-none-eabi/lib/thumb/v7e-m/fpv4-sp/hard\libc_nano.a(lib_a-init.o)
                0x0000000008005448                __libc_init_array
 .text.malloc   0x0000000008005490       0x10 c:/users/massi/stm32cubeide_1.5.0/stm32cubeide/plugins/com.st.stm32cube.ide.mcu.externaltools.gnu-tools-for-stm32.7-2018-q2-update.win32_1.5.0.202011040924/tools/bin/../lib/gcc/arm-none-eabi/7.3.1/../../../../arm-none-eabi/lib/thumb/v7e-m/fpv4-sp/hard\libc_nano.a(lib_a-malloc.o)
                0x0000000008005490                malloc
 .text.free     0x00000000080054a0       0x10 c:/users/massi/stm32cubeide_1.5.0/stm32cubeide/plugins/com.st.stm32cube.ide.mcu.externaltools.gnu-tools-for-stm32.7-2018-q2-update.win32_1.5.0.202011040924/tools/bin/../lib/gcc/arm-none-eabi/7.3.1/../../../../arm-none-eabi/lib/thumb/v7e-m/fpv4-sp/hard\libc_nano.a(lib_a-malloc.o)
                0x00000000080054a0                free
 .text.memcpy   0x00000000080054b0       0x16 c:/users/massi/stm32cubeide_1.5.0/stm32cubeide/plugins/com.st.stm32cube.ide.mcu.externaltools.gnu-tools-for-stm32.7-2018-q2-update.win32_1.5.0.202011040924/tools/bin/../lib/gcc/arm-none-eabi/7.3.1/../../../../arm-none-eabi/lib/thumb/v7e-m/fpv4-sp/hard\libc_nano.a(lib_a-memcpy-stub.o)
                0x00000000080054b0                memcpy
 .text.memset   0x00000000080054c6       0x10 c:/users/massi/stm32cubeide_1.5.0/stm32cubeide/plugins/com.st.stm32cube.ide.mcu.externaltools.gnu-tools-for-stm32.7-2018-q2-update.win32_1.5.0.202011040924/tools/bin/../lib/gcc/arm-none-eabi/7.3.1/../../../../arm-none-eabi/lib/thumb/v7e-m/fpv4-sp/hard\libc_nano.a(lib_a-memset.o)
                0x00000000080054c6                memset
 *fill*         0x00000000080054d6        0x2 
 .text._free_r  0x00000000080054d8       0x9c c:/users/massi/stm32cubeide_1.5.0/stm32cubeide/plugins/com.st.stm32cube.ide.mcu.externaltools.gnu-tools-for-stm32.7-2018-q2-update.win32_1.5.0.202011040924/tools/bin/../lib/gcc/arm-none-eabi/7.3.1/../../../../arm-none-eabi/lib/thumb/v7e-m/fpv4-sp/hard\libc_nano.a(lib_a-nano-freer.o)
                0x00000000080054d8                _free_r
 .text._malloc_r
                0x0000000008005574       0xb4 c:/users/massi/stm32cubeide_1.5.0/stm32cubeide/plugins/com.st.stm32cube.ide.mcu.externaltools.gnu-tools-for-stm32.7-2018-q2-update.win32_1.5.0.202011040924/tools/bin/../lib/gcc/arm-none-eabi/7.3.1/../../../../arm-none-eabi/lib/thumb/v7e-m/fpv4-sp/hard\libc_nano.a(lib_a-nano-mallocr.o)
                0x0000000008005574                _malloc_r
 .text._sbrk_r  0x0000000008005628       0x20 c:/users/massi/stm32cubeide_1.5.0/stm32cubeide/plugins/com.st.stm32cube.ide.mcu.externaltools.gnu-tools-for-stm32.7-2018-q2-update.win32_1.5.0.202011040924/tools/bin/../lib/gcc/arm-none-eabi/7.3.1/../../../../arm-none-eabi/lib/thumb/v7e-m/fpv4-sp/hard\libc_nano.a(lib_a-sbrkr.o)
                0x0000000008005628                _sbrk_r
 .text.__malloc_lock
                0x0000000008005648        0x2 c:/users/massi/stm32cubeide_1.5.0/stm32cubeide/plugins/com.st.stm32cube.ide.mcu.externaltools.gnu-tools-for-stm32.7-2018-q2-update.win32_1.5.0.202011040924/tools/bin/../lib/gcc/arm-none-eabi/7.3.1/../../../../arm-none-eabi/lib/thumb/v7e-m/fpv4-sp/hard\libc_nano.a(lib_a-mlock.o)
                0x0000000008005648                __malloc_lock
 .text.__malloc_unlock
                0x000000000800564a        0x2 c:/users/massi/stm32cubeide_1.5.0/stm32cubeide/plugins/com.st.stm32cube.ide.mcu.externaltools.gnu-tools-for-stm32.7-2018-q2-update.win32_1.5.0.202011040924/tools/bin/../lib/gcc/arm-none-eabi/7.3.1/../../../../arm-none-eabi/lib/thumb/v7e-m/fpv4-sp/hard\libc_nano.a(lib_a-mlock.o)
                0x000000000800564a                __malloc_unlock
 *(.glue_7)
 .glue_7        0x000000000800564c        0x0 linker stubs
 *(.glue_7t)
 .glue_7t       0x000000000800564c        0x0 linker stubs
 *(.eh_frame)
 .eh_frame      0x000000000800564c        0x0 c:/users/massi/stm32cubeide_1.5.0/stm32cubeide/plugins/com.st.stm32cube.ide.mcu.externaltools.gnu-tools-for-stm32.7-2018-q2-update.win32_1.5.0.202011040924/tools/bin/../lib/gcc/arm-none-eabi/7.3.1/thumb/v7e-m/fpv4-sp/hard/crtbegin.o
 *(.init)
 .init          0x000000000800564c        0x4 c:/users/massi/stm32cubeide_1.5.0/stm32cubeide/plugins/com.st.stm32cube.ide.mcu.externaltools.gnu-tools-for-stm32.7-2018-q2-update.win32_1.5.0.202011040924/tools/bin/../lib/gcc/arm-none-eabi/7.3.1/thumb/v7e-m/fpv4-sp/hard/crti.o
                0x000000000800564c                _init
 .init          0x0000000008005650        0x8 c:/users/massi/stm32cubeide_1.5.0/stm32cubeide/plugins/com.st.stm32cube.ide.mcu.externaltools.gnu-tools-for-stm32.7-2018-q2-update.win32_1.5.0.202011040924/tools/bin/../lib/gcc/arm-none-eabi/7.3.1/thumb/v7e-m/fpv4-sp/hard/crtn.o
 *(.fini)
 .fini          0x0000000008005658        0x4 c:/users/massi/stm32cubeide_1.5.0/stm32cubeide/plugins/com.st.stm32cube.ide.mcu.externaltools.gnu-tools-for-stm32.7-2018-q2-update.win32_1.5.0.202011040924/tools/bin/../lib/gcc/arm-none-eabi/7.3.1/thumb/v7e-m/fpv4-sp/hard/crti.o
                0x0000000008005658                _fini
 .fini          0x000000000800565c        0x8 c:/users/massi/stm32cubeide_1.5.0/stm32cubeide/plugins/com.st.stm32cube.ide.mcu.externaltools.gnu-tools-for-stm32.7-2018-q2-update.win32_1.5.0.202011040924/tools/bin/../lib/gcc/arm-none-eabi/7.3.1/thumb/v7e-m/fpv4-sp/hard/crtn.o
                0x0000000008005664                . = ALIGN (0x4)
                0x0000000008005664                _etext = .

.vfp11_veneer   0x0000000008005664        0x0
 .vfp11_veneer  0x0000000008005664        0x0 linker stubs

.v4_bx          0x0000000008005664        0x0
 .v4_bx         0x0000000008005664        0x0 linker stubs

.iplt           0x0000000008005664        0x0
 .iplt          0x0000000008005664        0x0 c:/users/massi/stm32cubeide_1.5.0/stm32cubeide/plugins/com.st.stm32cube.ide.mcu.externaltools.gnu-tools-for-stm32.7-2018-q2-update.win32_1.5.0.202011040924/tools/bin/../lib/gcc/arm-none-eabi/7.3.1/thumb/v7e-m/fpv4-sp/hard/crtbegin.o

.rodata         0x0000000008005664       0x18
                0x0000000008005664                . = ALIGN (0x4)
 *(.rodata)
 *(.rodata*)
 .rodata.AHBPrescTable
                0x0000000008005664       0x10 Core/Src/system_stm32f4xx.o
                0x0000000008005664                AHBPrescTable
 .rodata.APBPrescTable
                0x0000000008005674        0x8 Core/Src/system_stm32f4xx.o
                0x0000000008005674                APBPrescTable
                0x000000000800567c                . = ALIGN (0x4)

.ARM.extab      0x000000000800567c        0x0
                0x000000000800567c                . = ALIGN (0x4)
 *(.ARM.extab* .gnu.linkonce.armextab.*)
                0x000000000800567c                . = ALIGN (0x4)

.ARM            0x000000000800567c        0x8
                0x000000000800567c                . = ALIGN (0x4)
                0x000000000800567c                __exidx_start = .
 *(.ARM.exidx*)
 .ARM.exidx     0x000000000800567c        0x8 c:/users/massi/stm32cubeide_1.5.0/stm32cubeide/plugins/com.st.stm32cube.ide.mcu.externaltools.gnu-tools-for-stm32.7-2018-q2-update.win32_1.5.0.202011040924/tools/bin/../lib/gcc/arm-none-eabi/7.3.1/thumb/v7e-m/fpv4-sp/hard\libgcc.a(_udivmoddi4.o)
                0x0000000008005684                __exidx_end = .
                0x0000000008005684                . = ALIGN (0x4)

.rel.dyn        0x0000000008005684        0x0
 .rel.iplt      0x0000000008005684        0x0 c:/users/massi/stm32cubeide_1.5.0/stm32cubeide/plugins/com.st.stm32cube.ide.mcu.externaltools.gnu-tools-for-stm32.7-2018-q2-update.win32_1.5.0.202011040924/tools/bin/../lib/gcc/arm-none-eabi/7.3.1/thumb/v7e-m/fpv4-sp/hard/crtbegin.o

.preinit_array  0x0000000008005684        0x0
                0x0000000008005684                . = ALIGN (0x4)
                0x0000000008005684                PROVIDE (__preinit_array_start = .)
 *(.preinit_array*)
                0x0000000008005684                PROVIDE (__preinit_array_end = .)
                0x0000000008005684                . = ALIGN (0x4)

.init_array     0x0000000008005684        0x8
                0x0000000008005684                . = ALIGN (0x4)
                0x0000000008005684                PROVIDE (__init_array_start = .)
 *(SORT_BY_NAME(.init_array.*))
 *(.init_array*)
 .init_array    0x0000000008005684        0x4 c:/users/massi/stm32cubeide_1.5.0/stm32cubeide/plugins/com.st.stm32cube.ide.mcu.externaltools.gnu-tools-for-stm32.7-2018-q2-update.win32_1.5.0.202011040924/tools/bin/../lib/gcc/arm-none-eabi/7.3.1/thumb/v7e-m/fpv4-sp/hard/crtbegin.o
 .init_array    0x0000000008005688        0x4 Core/Src/LeptonFLiR.o
                0x000000000800568c                PROVIDE (__init_array_end = .)
                0x000000000800568c                . = ALIGN (0x4)

.fini_array     0x000000000800568c        0x4
                0x000000000800568c                . = ALIGN (0x4)
                [!provide]                        PROVIDE (__fini_array_start = .)
 *(SORT_BY_NAME(.fini_array.*))
 *(.fini_array*)
 .fini_array    0x000000000800568c        0x4 c:/users/massi/stm32cubeide_1.5.0/stm32cubeide/plugins/com.st.stm32cube.ide.mcu.externaltools.gnu-tools-for-stm32.7-2018-q2-update.win32_1.5.0.202011040924/tools/bin/../lib/gcc/arm-none-eabi/7.3.1/thumb/v7e-m/fpv4-sp/hard/crtbegin.o
                [!provide]                        PROVIDE (__fini_array_end = .)
                0x0000000008005690                . = ALIGN (0x4)
                0x0000000008005690                _sidata = LOADADDR (.data)

.data           0x0000000020000000       0x70 load address 0x0000000008005690
                0x0000000020000000                . = ALIGN (0x4)
                0x0000000020000000                _sdata = .
 *(.data)
 *(.data*)
 .data.SystemCoreClock
                0x0000000020000000        0x4 Core/Src/system_stm32f4xx.o
                0x0000000020000000                SystemCoreClock
 .data.uwTickPrio
                0x0000000020000004        0x4 Drivers/STM32F4xx_HAL_Driver/Src/stm32f4xx_hal.o
                0x0000000020000004                uwTickPrio
 .data.uwTickFreq
                0x0000000020000008        0x1 Drivers/STM32F4xx_HAL_Driver/Src/stm32f4xx_hal.o
                0x0000000020000008                uwTickFreq
 *fill*         0x0000000020000009        0x3 
 .data._impure_ptr
                0x000000002000000c        0x4 c:/users/massi/stm32cubeide_1.5.0/stm32cubeide/plugins/com.st.stm32cube.ide.mcu.externaltools.gnu-tools-for-stm32.7-2018-q2-update.win32_1.5.0.202011040924/tools/bin/../lib/gcc/arm-none-eabi/7.3.1/../../../../arm-none-eabi/lib/thumb/v7e-m/fpv4-sp/hard\libc_nano.a(lib_a-impure.o)
                0x000000002000000c                _impure_ptr
 .data.impure_data
                0x0000000020000010       0x60 c:/users/massi/stm32cubeide_1.5.0/stm32cubeide/plugins/com.st.stm32cube.ide.mcu.externaltools.gnu-tools-for-stm32.7-2018-q2-update.win32_1.5.0.202011040924/tools/bin/../lib/gcc/arm-none-eabi/7.3.1/../../../../arm-none-eabi/lib/thumb/v7e-m/fpv4-sp/hard\libc_nano.a(lib_a-impure.o)
 *(.RamFunc)
 *(.RamFunc*)
                0x0000000020000070                . = ALIGN (0x4)
                0x0000000020000070                _edata = .

.igot.plt       0x0000000020000070        0x0 load address 0x0000000008005700
 .igot.plt      0x0000000020000070        0x0 c:/users/massi/stm32cubeide_1.5.0/stm32cubeide/plugins/com.st.stm32cube.ide.mcu.externaltools.gnu-tools-for-stm32.7-2018-q2-update.win32_1.5.0.202011040924/tools/bin/../lib/gcc/arm-none-eabi/7.3.1/thumb/v7e-m/fpv4-sp/hard/crtbegin.o

.upper.rodata   0x0000000020000070    0x136b8 load address 0x0000000008005700
 .upper.rodata  0x0000000020000070    0x136b8 Core/Src/hm01b0.o
                0x0000000020000070                frame
                0x0000000020013728                . = ALIGN (0x4)

.bss            0x0000000020013728      0x180 load address 0x0000000008018db8
                0x0000000020013728                _sbss = .
                0x0000000020013728                __bss_start__ = _sbss
 *(.bss)
 .bss           0x0000000020013728       0x1c c:/users/massi/stm32cubeide_1.5.0/stm32cubeide/plugins/com.st.stm32cube.ide.mcu.externaltools.gnu-tools-for-stm32.7-2018-q2-update.win32_1.5.0.202011040924/tools/bin/../lib/gcc/arm-none-eabi/7.3.1/thumb/v7e-m/fpv4-sp/hard/crtbegin.o
 *(.bss*)
 .bss.agc8Enabled
                0x0000000020013744        0x1 Core/Src/LeptonFLiR.o
                0x0000000020013744                agc8Enabled
 .bss.telemetryLocation
                0x0000000020013745        0x1 Core/Src/LeptonFLiR.o
                0x0000000020013745                telemetryLocation
 .bss.startUpTime
                0x0000000020013746        0x2 Core/Src/LeptonFLiR.o
                0x0000000020013746                startUpTime
 .bss.LEPFLIR_SPI_FRAME_PACKET_SIZE
                0x0000000020013748        0x4 Core/Src/LeptonFLiR.o
                0x0000000020013748                LEPFLIR_SPI_FRAME_PACKET_SIZE
 .bss.LEPFLIR_SPI_FRAME_PACKET_SIZE16
                0x000000002001374c        0x4 Core/Src/LeptonFLiR.o
                0x000000002001374c                LEPFLIR_SPI_FRAME_PACKET_SIZE16
 .bss.BLUE_BUTTON
                0x0000000020013750        0x1 Core/Src/main.o
                0x0000000020013750                BLUE_BUTTON
 *fill*         0x0000000020013751        0x3 
 .bss.__sbrk_heap_end
                0x0000000020013754        0x4 Core/Src/sysmem.o
 .bss.__malloc_free_list
                0x0000000020013758        0x4 c:/users/massi/stm32cubeide_1.5.0/stm32cubeide/plugins/com.st.stm32cube.ide.mcu.externaltools.gnu-tools-for-stm32.7-2018-q2-update.win32_1.5.0.202011040924/tools/bin/../lib/gcc/arm-none-eabi/7.3.1/../../../../arm-none-eabi/lib/thumb/v7e-m/fpv4-sp/hard\libc_nano.a(lib_a-nano-mallocr.o)
                0x0000000020013758                __malloc_free_list
 .bss.__malloc_sbrk_start
                0x000000002001375c        0x4 c:/users/massi/stm32cubeide_1.5.0/stm32cubeide/plugins/com.st.stm32cube.ide.mcu.externaltools.gnu-tools-for-stm32.7-2018-q2-update.win32_1.5.0.202011040924/tools/bin/../lib/gcc/arm-none-eabi/7.3.1/../../../../arm-none-eabi/lib/thumb/v7e-m/fpv4-sp/hard\libc_nano.a(lib_a-nano-mallocr.o)
                0x000000002001375c                __malloc_sbrk_start
 *(COMMON)
 COMMON         0x0000000020013760       0xa8 Core/Src/i2c.o
                0x0000000020013760                hi2c1
                0x00000000200137b4                hi2c2
 COMMON         0x0000000020013808       0x58 Core/Src/spi.o
                0x0000000020013808                hspi1
 COMMON         0x0000000020013860       0x40 Core/Src/usart.o
                0x0000000020013860                huart2
 COMMON         0x00000000200138a0        0x4 Drivers/STM32F4xx_HAL_Driver/Src/stm32f4xx_hal.o
                0x00000000200138a0                uwTick
 COMMON         0x00000000200138a4        0x4 c:/users/massi/stm32cubeide_1.5.0/stm32cubeide/plugins/com.st.stm32cube.ide.mcu.externaltools.gnu-tools-for-stm32.7-2018-q2-update.win32_1.5.0.202011040924/tools/bin/../lib/gcc/arm-none-eabi/7.3.1/../../../../arm-none-eabi/lib/thumb/v7e-m/fpv4-sp/hard\libc_nano.a(lib_a-reent.o)
                0x00000000200138a4                errno
                0x00000000200138a8                . = ALIGN (0x4)
                0x00000000200138a8                _ebss = .
                0x00000000200138a8                __bss_end__ = _ebss

._user_heap_stack
                0x00000000200138a8      0x600 load address 0x0000000008018db8
                0x00000000200138a8                . = ALIGN (0x8)
                [!provide]                        PROVIDE (end = .)
                0x00000000200138a8                PROVIDE (_end = .)
                0x0000000020013aa8                . = (. + _Min_Heap_Size)
 *fill*         0x00000000200138a8      0x200 
                0x0000000020013ea8                . = (. + _Min_Stack_Size)
 *fill*         0x0000000020013aa8      0x400 
                0x0000000020013ea8                . = ALIGN (0x8)

/DISCARD/
 libc.a(*)
 libm.a(*)
 libgcc.a(*)

.ARM.attributes
                0x0000000000000000       0x30
 *(.ARM.attributes)
 .ARM.attributes
                0x0000000000000000       0x22 c:/users/massi/stm32cubeide_1.5.0/stm32cubeide/plugins/com.st.stm32cube.ide.mcu.externaltools.gnu-tools-for-stm32.7-2018-q2-update.win32_1.5.0.202011040924/tools/bin/../lib/gcc/arm-none-eabi/7.3.1/thumb/v7e-m/fpv4-sp/hard/crti.o
 .ARM.attributes
                0x0000000000000022       0x34 c:/users/massi/stm32cubeide_1.5.0/stm32cubeide/plugins/com.st.stm32cube.ide.mcu.externaltools.gnu-tools-for-stm32.7-2018-q2-update.win32_1.5.0.202011040924/tools/bin/../lib/gcc/arm-none-eabi/7.3.1/thumb/v7e-m/fpv4-sp/hard/crtbegin.o
 .ARM.attributes
                0x0000000000000056       0x39 Core/Src/LeptonFLiR.o
 .ARM.attributes
                0x000000000000008f       0x39 Core/Src/gpio.o
 .ARM.attributes
                0x00000000000000c8       0x39 Core/Src/hm01b0.o
 .ARM.attributes
                0x0000000000000101       0x39 Core/Src/i2c.o
 .ARM.attributes
                0x000000000000013a       0x39 Core/Src/main.o
 .ARM.attributes
                0x0000000000000173       0x39 Core/Src/spi.o
 .ARM.attributes
                0x00000000000001ac       0x39 Core/Src/stm32f4xx_hal_msp.o
 .ARM.attributes
                0x00000000000001e5       0x39 Core/Src/stm32f4xx_it.o
 .ARM.attributes
                0x000000000000021e       0x39 Core/Src/sysmem.o
 .ARM.attributes
                0x0000000000000257       0x39 Core/Src/system_stm32f4xx.o
 .ARM.attributes
                0x0000000000000290       0x39 Core/Src/usart.o
 .ARM.attributes
                0x00000000000002c9       0x21 Core/Startup/startup_stm32f401retx.o
 .ARM.attributes
                0x00000000000002ea       0x39 Drivers/STM32F4xx_HAL_Driver/Src/stm32f4xx_hal.o
 .ARM.attributes
                0x0000000000000323       0x39 Drivers/STM32F4xx_HAL_Driver/Src/stm32f4xx_hal_cortex.o
 .ARM.attributes
                0x000000000000035c       0x39 Drivers/STM32F4xx_HAL_Driver/Src/stm32f4xx_hal_gpio.o
 .ARM.attributes
                0x0000000000000395       0x39 Drivers/STM32F4xx_HAL_Driver/Src/stm32f4xx_hal_i2c.o
 .ARM.attributes
                0x00000000000003ce       0x39 Drivers/STM32F4xx_HAL_Driver/Src/stm32f4xx_hal_rcc.o
 .ARM.attributes
                0x0000000000000407       0x39 Drivers/STM32F4xx_HAL_Driver/Src/stm32f4xx_hal_spi.o
 .ARM.attributes
                0x0000000000000440       0x39 Drivers/STM32F4xx_HAL_Driver/Src/stm32f4xx_hal_uart.o
 .ARM.attributes
                0x0000000000000479       0x34 c:/users/massi/stm32cubeide_1.5.0/stm32cubeide/plugins/com.st.stm32cube.ide.mcu.externaltools.gnu-tools-for-stm32.7-2018-q2-update.win32_1.5.0.202011040924/tools/bin/../lib/gcc/arm-none-eabi/7.3.1/../../../../arm-none-eabi/lib/thumb/v7e-m/fpv4-sp/hard\libc_nano.a(lib_a-errno.o)
 .ARM.attributes
                0x00000000000004ad       0x34 c:/users/massi/stm32cubeide_1.5.0/stm32cubeide/plugins/com.st.stm32cube.ide.mcu.externaltools.gnu-tools-for-stm32.7-2018-q2-update.win32_1.5.0.202011040924/tools/bin/../lib/gcc/arm-none-eabi/7.3.1/../../../../arm-none-eabi/lib/thumb/v7e-m/fpv4-sp/hard\libc_nano.a(lib_a-impure.o)
 .ARM.attributes
                0x00000000000004e1       0x34 c:/users/massi/stm32cubeide_1.5.0/stm32cubeide/plugins/com.st.stm32cube.ide.mcu.externaltools.gnu-tools-for-stm32.7-2018-q2-update.win32_1.5.0.202011040924/tools/bin/../lib/gcc/arm-none-eabi/7.3.1/../../../../arm-none-eabi/lib/thumb/v7e-m/fpv4-sp/hard\libc_nano.a(lib_a-init.o)
 .ARM.attributes
                0x0000000000000515       0x34 c:/users/massi/stm32cubeide_1.5.0/stm32cubeide/plugins/com.st.stm32cube.ide.mcu.externaltools.gnu-tools-for-stm32.7-2018-q2-update.win32_1.5.0.202011040924/tools/bin/../lib/gcc/arm-none-eabi/7.3.1/../../../../arm-none-eabi/lib/thumb/v7e-m/fpv4-sp/hard\libc_nano.a(lib_a-malloc.o)
 .ARM.attributes
                0x0000000000000549       0x34 c:/users/massi/stm32cubeide_1.5.0/stm32cubeide/plugins/com.st.stm32cube.ide.mcu.externaltools.gnu-tools-for-stm32.7-2018-q2-update.win32_1.5.0.202011040924/tools/bin/../lib/gcc/arm-none-eabi/7.3.1/../../../../arm-none-eabi/lib/thumb/v7e-m/fpv4-sp/hard\libc_nano.a(lib_a-memcpy-stub.o)
 .ARM.attributes
                0x000000000000057d       0x34 c:/users/massi/stm32cubeide_1.5.0/stm32cubeide/plugins/com.st.stm32cube.ide.mcu.externaltools.gnu-tools-for-stm32.7-2018-q2-update.win32_1.5.0.202011040924/tools/bin/../lib/gcc/arm-none-eabi/7.3.1/../../../../arm-none-eabi/lib/thumb/v7e-m/fpv4-sp/hard\libc_nano.a(lib_a-memset.o)
 .ARM.attributes
                0x00000000000005b1       0x34 c:/users/massi/stm32cubeide_1.5.0/stm32cubeide/plugins/com.st.stm32cube.ide.mcu.externaltools.gnu-tools-for-stm32.7-2018-q2-update.win32_1.5.0.202011040924/tools/bin/../lib/gcc/arm-none-eabi/7.3.1/../../../../arm-none-eabi/lib/thumb/v7e-m/fpv4-sp/hard\libc_nano.a(lib_a-nano-freer.o)
 .ARM.attributes
                0x00000000000005e5       0x34 c:/users/massi/stm32cubeide_1.5.0/stm32cubeide/plugins/com.st.stm32cube.ide.mcu.externaltools.gnu-tools-for-stm32.7-2018-q2-update.win32_1.5.0.202011040924/tools/bin/../lib/gcc/arm-none-eabi/7.3.1/../../../../arm-none-eabi/lib/thumb/v7e-m/fpv4-sp/hard\libc_nano.a(lib_a-nano-mallocr.o)
 .ARM.attributes
                0x0000000000000619       0x34 c:/users/massi/stm32cubeide_1.5.0/stm32cubeide/plugins/com.st.stm32cube.ide.mcu.externaltools.gnu-tools-for-stm32.7-2018-q2-update.win32_1.5.0.202011040924/tools/bin/../lib/gcc/arm-none-eabi/7.3.1/../../../../arm-none-eabi/lib/thumb/v7e-m/fpv4-sp/hard\libc_nano.a(lib_a-sbrkr.o)
 .ARM.attributes
                0x000000000000064d       0x34 c:/users/massi/stm32cubeide_1.5.0/stm32cubeide/plugins/com.st.stm32cube.ide.mcu.externaltools.gnu-tools-for-stm32.7-2018-q2-update.win32_1.5.0.202011040924/tools/bin/../lib/gcc/arm-none-eabi/7.3.1/../../../../arm-none-eabi/lib/thumb/v7e-m/fpv4-sp/hard\libc_nano.a(lib_a-mlock.o)
 .ARM.attributes
                0x0000000000000681       0x34 c:/users/massi/stm32cubeide_1.5.0/stm32cubeide/plugins/com.st.stm32cube.ide.mcu.externaltools.gnu-tools-for-stm32.7-2018-q2-update.win32_1.5.0.202011040924/tools/bin/../lib/gcc/arm-none-eabi/7.3.1/../../../../arm-none-eabi/lib/thumb/v7e-m/fpv4-sp/hard\libc_nano.a(lib_a-reent.o)
 .ARM.attributes
                0x00000000000006b5       0x22 c:/users/massi/stm32cubeide_1.5.0/stm32cubeide/plugins/com.st.stm32cube.ide.mcu.externaltools.gnu-tools-for-stm32.7-2018-q2-update.win32_1.5.0.202011040924/tools/bin/../lib/gcc/arm-none-eabi/7.3.1/thumb/v7e-m/fpv4-sp/hard\libgcc.a(_aeabi_uldivmod.o)
 .ARM.attributes
                0x00000000000006d7       0x34 c:/users/massi/stm32cubeide_1.5.0/stm32cubeide/plugins/com.st.stm32cube.ide.mcu.externaltools.gnu-tools-for-stm32.7-2018-q2-update.win32_1.5.0.202011040924/tools/bin/../lib/gcc/arm-none-eabi/7.3.1/thumb/v7e-m/fpv4-sp/hard\libgcc.a(_udivmoddi4.o)
 .ARM.attributes
                0x000000000000070b       0x22 c:/users/massi/stm32cubeide_1.5.0/stm32cubeide/plugins/com.st.stm32cube.ide.mcu.externaltools.gnu-tools-for-stm32.7-2018-q2-update.win32_1.5.0.202011040924/tools/bin/../lib/gcc/arm-none-eabi/7.3.1/thumb/v7e-m/fpv4-sp/hard\libgcc.a(_dvmd_tls.o)
 .ARM.attributes
                0x000000000000072d       0x22 c:/users/massi/stm32cubeide_1.5.0/stm32cubeide/plugins/com.st.stm32cube.ide.mcu.externaltools.gnu-tools-for-stm32.7-2018-q2-update.win32_1.5.0.202011040924/tools/bin/../lib/gcc/arm-none-eabi/7.3.1/thumb/v7e-m/fpv4-sp/hard/crtn.o
OUTPUT(Lepton_Himax.elf elf32-littlearm)

.debug_info     0x0000000000000000    0x17136
 .debug_info    0x0000000000000000     0x6b3f Core/Src/LeptonFLiR.o
 .debug_info    0x0000000000006b3f      0x680 Core/Src/gpio.o
 .debug_info    0x00000000000071bf     0x1f91 Core/Src/hm01b0.o
 .debug_info    0x0000000000009150      0xa69 Core/Src/i2c.o
 .debug_info    0x0000000000009bb9     0x37b6 Core/Src/main.o
 .debug_info    0x000000000000d36f      0x9d9 Core/Src/spi.o
 .debug_info    0x000000000000dd48      0x51a Core/Src/stm32f4xx_hal_msp.o
 .debug_info    0x000000000000e262      0x242 Core/Src/stm32f4xx_it.o
 .debug_info    0x000000000000e4a4      0x985 Core/Src/sysmem.o
 .debug_info    0x000000000000ee29      0x57e Core/Src/system_stm32f4xx.o
 .debug_info    0x000000000000f3a7      0x96c Core/Src/usart.o
 .debug_info    0x000000000000fd13       0x22 Core/Startup/startup_stm32f401retx.o
 .debug_info    0x000000000000fd35      0x8ce Drivers/STM32F4xx_HAL_Driver/Src/stm32f4xx_hal.o
 .debug_info    0x0000000000010603      0xd92 Drivers/STM32F4xx_HAL_Driver/Src/stm32f4xx_hal_cortex.o
 .debug_info    0x0000000000011395      0x7d7 Drivers/STM32F4xx_HAL_Driver/Src/stm32f4xx_hal_gpio.o
 .debug_info    0x0000000000011b6c     0x242b Drivers/STM32F4xx_HAL_Driver/Src/stm32f4xx_hal_i2c.o
 .debug_info    0x0000000000013f97      0x929 Drivers/STM32F4xx_HAL_Driver/Src/stm32f4xx_hal_rcc.o
 .debug_info    0x00000000000148c0     0x1632 Drivers/STM32F4xx_HAL_Driver/Src/stm32f4xx_hal_spi.o
 .debug_info    0x0000000000015ef2     0x1244 Drivers/STM32F4xx_HAL_Driver/Src/stm32f4xx_hal_uart.o

.debug_abbrev   0x0000000000000000     0x294f
 .debug_abbrev  0x0000000000000000      0x781 Core/Src/LeptonFLiR.o
 .debug_abbrev  0x0000000000000781      0x13d Core/Src/gpio.o
 .debug_abbrev  0x00000000000008be      0x3c0 Core/Src/hm01b0.o
 .debug_abbrev  0x0000000000000c7e      0x199 Core/Src/i2c.o
 .debug_abbrev  0x0000000000000e17      0x368 Core/Src/main.o
 .debug_abbrev  0x000000000000117f      0x199 Core/Src/spi.o
 .debug_abbrev  0x0000000000001318      0x112 Core/Src/stm32f4xx_hal_msp.o
 .debug_abbrev  0x000000000000142a       0xc6 Core/Src/stm32f4xx_it.o
 .debug_abbrev  0x00000000000014f0      0x19b Core/Src/sysmem.o
 .debug_abbrev  0x000000000000168b      0x12b Core/Src/system_stm32f4xx.o
 .debug_abbrev  0x00000000000017b6      0x199 Core/Src/usart.o
 .debug_abbrev  0x000000000000194f       0x12 Core/Startup/startup_stm32f401retx.o
 .debug_abbrev  0x0000000000001961      0x1f2 Drivers/STM32F4xx_HAL_Driver/Src/stm32f4xx_hal.o
 .debug_abbrev  0x0000000000001b53      0x2fa Drivers/STM32F4xx_HAL_Driver/Src/stm32f4xx_hal_cortex.o
 .debug_abbrev  0x0000000000001e4d      0x1c9 Drivers/STM32F4xx_HAL_Driver/Src/stm32f4xx_hal_gpio.o
 .debug_abbrev  0x0000000000002016      0x263 Drivers/STM32F4xx_HAL_Driver/Src/stm32f4xx_hal_i2c.o
 .debug_abbrev  0x0000000000002279      0x245 Drivers/STM32F4xx_HAL_Driver/Src/stm32f4xx_hal_rcc.o
 .debug_abbrev  0x00000000000024be      0x240 Drivers/STM32F4xx_HAL_Driver/Src/stm32f4xx_hal_spi.o
 .debug_abbrev  0x00000000000026fe      0x251 Drivers/STM32F4xx_HAL_Driver/Src/stm32f4xx_hal_uart.o

.debug_aranges  0x0000000000000000     0x10c8
 .debug_aranges
                0x0000000000000000      0x518 Core/Src/LeptonFLiR.o
 .debug_aranges
                0x0000000000000518       0x20 Core/Src/gpio.o
 .debug_aranges
                0x0000000000000538       0x98 Core/Src/hm01b0.o
 .debug_aranges
                0x00000000000005d0       0x38 Core/Src/i2c.o
 .debug_aranges
                0x0000000000000608       0x38 Core/Src/main.o
 .debug_aranges
                0x0000000000000640       0x30 Core/Src/spi.o
 .debug_aranges
                0x0000000000000670       0x20 Core/Src/stm32f4xx_hal_msp.o
 .debug_aranges
                0x0000000000000690       0x70 Core/Src/stm32f4xx_it.o
 .debug_aranges
                0x0000000000000700       0x20 Core/Src/sysmem.o
 .debug_aranges
                0x0000000000000720       0x28 Core/Src/system_stm32f4xx.o
 .debug_aranges
                0x0000000000000748       0x30 Core/Src/usart.o
 .debug_aranges
                0x0000000000000778       0x28 Core/Startup/startup_stm32f401retx.o
 .debug_aranges
                0x00000000000007a0       0xf0 Drivers/STM32F4xx_HAL_Driver/Src/stm32f4xx_hal.o
 .debug_aranges
                0x0000000000000890      0x118 Drivers/STM32F4xx_HAL_Driver/Src/stm32f4xx_hal_cortex.o
 .debug_aranges
                0x00000000000009a8       0x58 Drivers/STM32F4xx_HAL_Driver/Src/stm32f4xx_hal_gpio.o
 .debug_aranges
                0x0000000000000a00      0x2a0 Drivers/STM32F4xx_HAL_Driver/Src/stm32f4xx_hal_i2c.o
 .debug_aranges
                0x0000000000000ca0       0x88 Drivers/STM32F4xx_HAL_Driver/Src/stm32f4xx_hal_rcc.o
 .debug_aranges
                0x0000000000000d28      0x1d0 Drivers/STM32F4xx_HAL_Driver/Src/stm32f4xx_hal_spi.o
 .debug_aranges
                0x0000000000000ef8      0x1d0 Drivers/STM32F4xx_HAL_Driver/Src/stm32f4xx_hal_uart.o

.debug_ranges   0x0000000000000000      0xfe0
 .debug_ranges  0x0000000000000000      0x520 Core/Src/LeptonFLiR.o
 .debug_ranges  0x0000000000000520       0x10 Core/Src/gpio.o
 .debug_ranges  0x0000000000000530       0x88 Core/Src/hm01b0.o
 .debug_ranges  0x00000000000005b8       0x28 Core/Src/i2c.o
 .debug_ranges  0x00000000000005e0       0x28 Core/Src/main.o
 .debug_ranges  0x0000000000000608       0x20 Core/Src/spi.o
 .debug_ranges  0x0000000000000628       0x10 Core/Src/stm32f4xx_hal_msp.o
 .debug_ranges  0x0000000000000638       0x60 Core/Src/stm32f4xx_it.o
 .debug_ranges  0x0000000000000698       0x10 Core/Src/sysmem.o
 .debug_ranges  0x00000000000006a8       0x18 Core/Src/system_stm32f4xx.o
 .debug_ranges  0x00000000000006c0       0x20 Core/Src/usart.o
 .debug_ranges  0x00000000000006e0       0x20 Core/Startup/startup_stm32f401retx.o
 .debug_ranges  0x0000000000000700       0xe0 Drivers/STM32F4xx_HAL_Driver/Src/stm32f4xx_hal.o
 .debug_ranges  0x00000000000007e0      0x108 Drivers/STM32F4xx_HAL_Driver/Src/stm32f4xx_hal_cortex.o
 .debug_ranges  0x00000000000008e8       0x48 Drivers/STM32F4xx_HAL_Driver/Src/stm32f4xx_hal_gpio.o
 .debug_ranges  0x0000000000000930      0x2b8 Drivers/STM32F4xx_HAL_Driver/Src/stm32f4xx_hal_i2c.o
 .debug_ranges  0x0000000000000be8       0x78 Drivers/STM32F4xx_HAL_Driver/Src/stm32f4xx_hal_rcc.o
 .debug_ranges  0x0000000000000c60      0x1c0 Drivers/STM32F4xx_HAL_Driver/Src/stm32f4xx_hal_spi.o
 .debug_ranges  0x0000000000000e20      0x1c0 Drivers/STM32F4xx_HAL_Driver/Src/stm32f4xx_hal_uart.o

.debug_macro    0x0000000000000000    0x1a3e7
 .debug_macro   0x0000000000000000      0x640 Core/Src/LeptonFLiR.o
 .debug_macro   0x0000000000000640      0xb32 Core/Src/LeptonFLiR.o
 .debug_macro   0x0000000000001172      0x29a Core/Src/LeptonFLiR.o
 .debug_macro   0x000000000000140c       0x2e Core/Src/LeptonFLiR.o
 .debug_macro   0x000000000000143a       0x28 Core/Src/LeptonFLiR.o
 .debug_macro   0x0000000000001462       0x1c Core/Src/LeptonFLiR.o
 .debug_macro   0x000000000000147e       0x22 Core/Src/LeptonFLiR.o
 .debug_macro   0x00000000000014a0       0x8e Core/Src/LeptonFLiR.o
 .debug_macro   0x000000000000152e       0x51 Core/Src/LeptonFLiR.o
 .debug_macro   0x000000000000157f       0xef Core/Src/LeptonFLiR.o
 .debug_macro   0x000000000000166e       0x6a Core/Src/LeptonFLiR.o
 .debug_macro   0x00000000000016d8      0x1df Core/Src/LeptonFLiR.o
 .debug_macro   0x00000000000018b7       0x1c Core/Src/LeptonFLiR.o
 .debug_macro   0x00000000000018d3       0x22 Core/Src/LeptonFLiR.o
 .debug_macro   0x00000000000018f5       0xdf Core/Src/LeptonFLiR.o
 .debug_macro   0x00000000000019d4     0x102d Core/Src/LeptonFLiR.o
 .debug_macro   0x0000000000002a01      0x11f Core/Src/LeptonFLiR.o
 .debug_macro   0x0000000000002b20     0xb850 Core/Src/LeptonFLiR.o
 .debug_macro   0x000000000000e370       0x43 Core/Src/LeptonFLiR.o
 .debug_macro   0x000000000000e3b3     0x3659 Core/Src/LeptonFLiR.o
 .debug_macro   0x0000000000011a0c      0x17b Core/Src/LeptonFLiR.o
 .debug_macro   0x0000000000011b87       0x5a Core/Src/LeptonFLiR.o
 .debug_macro   0x0000000000011be1      0x416 Core/Src/LeptonFLiR.o
 .debug_macro   0x0000000000011ff7      0x9fe Core/Src/LeptonFLiR.o
 .debug_macro   0x00000000000129f5      0x117 Core/Src/LeptonFLiR.o
 .debug_macro   0x0000000000012b0c       0xf8 Core/Src/LeptonFLiR.o
 .debug_macro   0x0000000000012c04       0x27 Core/Src/LeptonFLiR.o
 .debug_macro   0x0000000000012c2b      0x15f Core/Src/LeptonFLiR.o
 .debug_macro   0x0000000000012d8a      0x287 Core/Src/LeptonFLiR.o
 .debug_macro   0x0000000000013011       0x5f Core/Src/LeptonFLiR.o
 .debug_macro   0x0000000000013070      0x236 Core/Src/LeptonFLiR.o
 .debug_macro   0x00000000000132a6      0x132 Core/Src/LeptonFLiR.o
 .debug_macro   0x00000000000133d8      0x264 Core/Src/LeptonFLiR.o
 .debug_macro   0x000000000001363c       0x2e Core/Src/LeptonFLiR.o
 .debug_macro   0x000000000001366a      0x1b5 Core/Src/LeptonFLiR.o
 .debug_macro   0x000000000001381f       0x22 Core/Src/LeptonFLiR.o
 .debug_macro   0x0000000000013841       0xd6 Core/Src/LeptonFLiR.o
 .debug_macro   0x0000000000013917      0x11a Core/Src/LeptonFLiR.o
 .debug_macro   0x0000000000013a31       0x85 Core/Src/LeptonFLiR.o
 .debug_macro   0x0000000000013ab6       0x89 Core/Src/LeptonFLiR.o
 .debug_macro   0x0000000000013b3f      0x225 Core/Src/LeptonFLiR.o
 .debug_macro   0x0000000000013d64      0x287 Core/Src/LeptonFLiR.o
 .debug_macro   0x0000000000013feb      0x126 Core/Src/LeptonFLiR.o
 .debug_macro   0x0000000000014111       0x46 Core/Src/LeptonFLiR.o
 .debug_macro   0x0000000000014157       0x46 Core/Src/LeptonFLiR.o
 .debug_macro   0x000000000001419d       0x18 Core/Src/LeptonFLiR.o
 .debug_macro   0x00000000000141b5       0x3c Core/Src/LeptonFLiR.o
 .debug_macro   0x00000000000141f1       0x34 Core/Src/LeptonFLiR.o
 .debug_macro   0x0000000000014225       0x52 Core/Src/LeptonFLiR.o
 .debug_macro   0x0000000000014277       0x1f Core/Src/LeptonFLiR.o
 .debug_macro   0x0000000000014296       0x43 Core/Src/LeptonFLiR.o
 .debug_macro   0x00000000000142d9       0x20 Core/Src/LeptonFLiR.o
 .debug_macro   0x00000000000142f9      0x1a3 Core/Src/LeptonFLiR.o
 .debug_macro   0x000000000001449c      0x34d Core/Src/LeptonFLiR.o
 .debug_macro   0x00000000000147e9       0x10 Core/Src/LeptonFLiR.o
 .debug_macro   0x00000000000147f9       0x35 Core/Src/LeptonFLiR.o
 .debug_macro   0x000000000001482e       0x20 Core/Src/LeptonFLiR.o
 .debug_macro   0x000000000001484e       0x1c Core/Src/LeptonFLiR.o
 .debug_macro   0x000000000001486a       0x10 Core/Src/LeptonFLiR.o
 .debug_macro   0x000000000001487a       0x10 Core/Src/LeptonFLiR.o
 .debug_macro   0x000000000001488a       0x1c Core/Src/LeptonFLiR.o
 .debug_macro   0x00000000000148a6       0x52 Core/Src/LeptonFLiR.o
 .debug_macro   0x00000000000148f8       0x40 Core/Src/LeptonFLiR.o
 .debug_macro   0x0000000000014938       0x10 Core/Src/LeptonFLiR.o
 .debug_macro   0x0000000000014948       0x40 Core/Src/LeptonFLiR.o
 .debug_macro   0x0000000000014988       0xd7 Core/Src/LeptonFLiR.o
 .debug_macro   0x0000000000014a5f       0x1c Core/Src/LeptonFLiR.o
 .debug_macro   0x0000000000014a7b       0x3d Core/Src/LeptonFLiR.o
 .debug_macro   0x0000000000014ab8       0x16 Core/Src/LeptonFLiR.o
 .debug_macro   0x0000000000014ace      0x137 Core/Src/LeptonFLiR.o
 .debug_macro   0x0000000000014c05      0x168 Core/Src/LeptonFLiR.o
 .debug_macro   0x0000000000014d6d       0x10 Core/Src/LeptonFLiR.o
 .debug_macro   0x0000000000014d7d      0x3f4 Core/Src/LeptonFLiR.o
 .debug_macro   0x0000000000015171       0x10 Core/Src/LeptonFLiR.o
 .debug_macro   0x0000000000015181       0x16 Core/Src/LeptonFLiR.o
 .debug_macro   0x0000000000015197       0x16 Core/Src/LeptonFLiR.o
 .debug_macro   0x00000000000151ad       0x29 Core/Src/LeptonFLiR.o
 .debug_macro   0x00000000000151d6       0x1c Core/Src/LeptonFLiR.o
 .debug_macro   0x00000000000151f2       0xde Core/Src/LeptonFLiR.o
 .debug_macro   0x00000000000152d0       0x28 Core/Src/LeptonFLiR.o
 .debug_macro   0x00000000000152f8       0x41 Core/Src/LeptonFLiR.o
 .debug_macro   0x0000000000015339       0x12 Core/Src/LeptonFLiR.o
 .debug_macro   0x000000000001534b       0x20 Core/Src/LeptonFLiR.o
 .debug_macro   0x000000000001536b       0x1c Core/Src/LeptonFLiR.o
 .debug_macro   0x0000000000015387       0x18 Core/Src/LeptonFLiR.o
 .debug_macro   0x000000000001539f       0x6e Core/Src/LeptonFLiR.o
 .debug_macro   0x000000000001540d       0x2e Core/Src/LeptonFLiR.o
 .debug_macro   0x000000000001543b       0x19 Core/Src/LeptonFLiR.o
 .debug_macro   0x0000000000015454       0x76 Core/Src/LeptonFLiR.o
 .debug_macro   0x00000000000154ca       0x19 Core/Src/LeptonFLiR.o
 .debug_macro   0x00000000000154e3       0x10 Core/Src/LeptonFLiR.o
 .debug_macro   0x00000000000154f3      0x120 Core/Src/LeptonFLiR.o
 .debug_macro   0x0000000000015613      0x1da Core/Src/LeptonFLiR.o
 .debug_macro   0x00000000000157ed      0x3cd Core/Src/LeptonFLiR.o
 .debug_macro   0x0000000000015bba       0x10 Core/Src/LeptonFLiR.o
 .debug_macro   0x0000000000015bca      0x327 Core/Src/LeptonFLiR.o
 .debug_macro   0x0000000000015ef1       0x10 Core/Src/LeptonFLiR.o
 .debug_macro   0x0000000000015f01      0x1f6 Core/Src/gpio.o
 .debug_macro   0x00000000000160f7      0xa5a Core/Src/gpio.o
 .debug_macro   0x0000000000016b51     0x102d Core/Src/gpio.o
 .debug_macro   0x0000000000017b7e      0x174 Core/Src/gpio.o
 .debug_macro   0x0000000000017cf2      0x43d Core/Src/hm01b0.o
 .debug_macro   0x000000000001812f       0x16 Core/Src/hm01b0.o
 .debug_macro   0x0000000000018145      0x1f0 Core/Src/hm01b0.o
 .debug_macro   0x0000000000018335      0x1f6 Core/Src/i2c.o
 .debug_macro   0x000000000001852b      0x3b0 Core/Src/main.o
 .debug_macro   0x00000000000188db       0x16 Core/Src/main.o
 .debug_macro   0x00000000000188f1      0x1f6 Core/Src/spi.o
 .debug_macro   0x0000000000018ae7      0x1ec Core/Src/stm32f4xx_hal_msp.o
 .debug_macro   0x0000000000018cd3      0x1f6 Core/Src/stm32f4xx_it.o
 .debug_macro   0x0000000000018ec9       0xee Core/Src/sysmem.o
 .debug_macro   0x0000000000018fb7      0x23b Core/Src/sysmem.o
 .debug_macro   0x00000000000191f2      0x1e3 Core/Src/system_stm32f4xx.o
 .debug_macro   0x00000000000193d5      0x1f6 Core/Src/usart.o
 .debug_macro   0x00000000000195cb      0x23d Drivers/STM32F4xx_HAL_Driver/Src/stm32f4xx_hal.o
 .debug_macro   0x0000000000019808      0x1dd Drivers/STM32F4xx_HAL_Driver/Src/stm32f4xx_hal_cortex.o
 .debug_macro   0x00000000000199e5      0x213 Drivers/STM32F4xx_HAL_Driver/Src/stm32f4xx_hal_gpio.o
 .debug_macro   0x0000000000019bf8      0x224 Drivers/STM32F4xx_HAL_Driver/Src/stm32f4xx_hal_i2c.o
 .debug_macro   0x0000000000019e1c      0x201 Drivers/STM32F4xx_HAL_Driver/Src/stm32f4xx_hal_rcc.o
 .debug_macro   0x000000000001a01d      0x1ec Drivers/STM32F4xx_HAL_Driver/Src/stm32f4xx_hal_spi.o
 .debug_macro   0x000000000001a209      0x1de Drivers/STM32F4xx_HAL_Driver/Src/stm32f4xx_hal_uart.o

.debug_line     0x0000000000000000     0xd637
 .debug_line    0x0000000000000000     0x2426 Core/Src/LeptonFLiR.o
 .debug_line    0x0000000000002426      0x715 Core/Src/gpio.o
 .debug_line    0x0000000000002b3b      0xe26 Core/Src/hm01b0.o
 .debug_line    0x0000000000003961      0x767 Core/Src/i2c.o
 .debug_line    0x00000000000040c8      0xa1b Core/Src/main.o
 .debug_line    0x0000000000004ae3      0x730 Core/Src/spi.o
 .debug_line    0x0000000000005213      0x6ff Core/Src/stm32f4xx_hal_msp.o
 .debug_line    0x0000000000005912      0x7c7 Core/Src/stm32f4xx_it.o
 .debug_line    0x00000000000060d9      0x4f4 Core/Src/sysmem.o
 .debug_line    0x00000000000065cd      0x717 Core/Src/system_stm32f4xx.o
 .debug_line    0x0000000000006ce4      0x730 Core/Src/usart.o
 .debug_line    0x0000000000007414       0x85 Core/Startup/startup_stm32f401retx.o
 .debug_line    0x0000000000007499      0x901 Drivers/STM32F4xx_HAL_Driver/Src/stm32f4xx_hal.o
 .debug_line    0x0000000000007d9a      0xa25 Drivers/STM32F4xx_HAL_Driver/Src/stm32f4xx_hal_cortex.o
 .debug_line    0x00000000000087bf      0x8a4 Drivers/STM32F4xx_HAL_Driver/Src/stm32f4xx_hal_gpio.o
 .debug_line    0x0000000000009063     0x1baf Drivers/STM32F4xx_HAL_Driver/Src/stm32f4xx_hal_i2c.o
 .debug_line    0x000000000000ac12      0x959 Drivers/STM32F4xx_HAL_Driver/Src/stm32f4xx_hal_rcc.o
 .debug_line    0x000000000000b56b     0x10bd Drivers/STM32F4xx_HAL_Driver/Src/stm32f4xx_hal_spi.o
 .debug_line    0x000000000000c628     0x100f Drivers/STM32F4xx_HAL_Driver/Src/stm32f4xx_hal_uart.o

.debug_str      0x0000000000000000    0x949dd
 .debug_str     0x0000000000000000    0x90cb2 Core/Src/LeptonFLiR.o
                                      0x9182a (size before relaxing)
 .debug_str     0x0000000000090cb2      0x693 Core/Src/gpio.o
                                      0x81a07 (size before relaxing)
 .debug_str     0x0000000000091345      0x9d7 Core/Src/hm01b0.o
                                      0x888d6 (size before relaxing)
 .debug_str     0x0000000000091d1c       0x58 Core/Src/i2c.o
                                      0x81b93 (size before relaxing)
 .debug_str     0x0000000000091d74      0x276 Core/Src/main.o
                                      0x8c72c (size before relaxing)
 .debug_str     0x0000000000091fea       0x4b Core/Src/spi.o
                                      0x81ad8 (size before relaxing)
 .debug_str     0x0000000000092035       0x2c Core/Src/stm32f4xx_hal_msp.o
                                      0x8196a (size before relaxing)
 .debug_str     0x0000000000092061       0xe1 Core/Src/stm32f4xx_it.o
                                      0x81592 (size before relaxing)
 .debug_str     0x0000000000092142      0x505 Core/Src/sysmem.o
                                       0x5f6d (size before relaxing)
 .debug_str     0x0000000000092647       0xc4 Core/Src/system_stm32f4xx.o
                                      0x81571 (size before relaxing)
 .debug_str     0x000000000009270b       0x57 Core/Src/usart.o
                                      0x81abb (size before relaxing)
 .debug_str     0x0000000000092762       0x36 Core/Startup/startup_stm32f401retx.o
                                         0x7a (size before relaxing)
 .debug_str     0x0000000000092798      0x57b Drivers/STM32F4xx_HAL_Driver/Src/stm32f4xx_hal.o
                                      0x81edc (size before relaxing)
 .debug_str     0x0000000000092d13      0x389 Drivers/STM32F4xx_HAL_Driver/Src/stm32f4xx_hal_cortex.o
                                      0x81cb9 (size before relaxing)
 .debug_str     0x000000000009309c      0x1d9 Drivers/STM32F4xx_HAL_Driver/Src/stm32f4xx_hal_gpio.o
                                      0x817b0 (size before relaxing)
 .debug_str     0x0000000000093275      0xabd Drivers/STM32F4xx_HAL_Driver/Src/stm32f4xx_hal_i2c.o
                                      0x824d1 (size before relaxing)
 .debug_str     0x0000000000093d32      0x24e Drivers/STM32F4xx_HAL_Driver/Src/stm32f4xx_hal_rcc.o
                                      0x8195e (size before relaxing)
 .debug_str     0x0000000000093f80      0x54a Drivers/STM32F4xx_HAL_Driver/Src/stm32f4xx_hal_spi.o
                                      0x81dcd (size before relaxing)
 .debug_str     0x00000000000944ca      0x513 Drivers/STM32F4xx_HAL_Driver/Src/stm32f4xx_hal_uart.o
                                      0x81dab (size before relaxing)

.comment        0x0000000000000000       0x7b
 .comment       0x0000000000000000       0x7b Core/Src/LeptonFLiR.o
                                         0x7c (size before relaxing)
 .comment       0x000000000000007b       0x7c Core/Src/gpio.o
 .comment       0x000000000000007b       0x7c Core/Src/hm01b0.o
 .comment       0x000000000000007b       0x7c Core/Src/i2c.o
 .comment       0x000000000000007b       0x7c Core/Src/main.o
 .comment       0x000000000000007b       0x7c Core/Src/spi.o
 .comment       0x000000000000007b       0x7c Core/Src/stm32f4xx_hal_msp.o
 .comment       0x000000000000007b       0x7c Core/Src/stm32f4xx_it.o
 .comment       0x000000000000007b       0x7c Core/Src/sysmem.o
 .comment       0x000000000000007b       0x7c Core/Src/system_stm32f4xx.o
 .comment       0x000000000000007b       0x7c Core/Src/usart.o
 .comment       0x000000000000007b       0x7c Drivers/STM32F4xx_HAL_Driver/Src/stm32f4xx_hal.o
 .comment       0x000000000000007b       0x7c Drivers/STM32F4xx_HAL_Driver/Src/stm32f4xx_hal_cortex.o
 .comment       0x000000000000007b       0x7c Drivers/STM32F4xx_HAL_Driver/Src/stm32f4xx_hal_gpio.o
 .comment       0x000000000000007b       0x7c Drivers/STM32F4xx_HAL_Driver/Src/stm32f4xx_hal_i2c.o
 .comment       0x000000000000007b       0x7c Drivers/STM32F4xx_HAL_Driver/Src/stm32f4xx_hal_rcc.o
 .comment       0x000000000000007b       0x7c Drivers/STM32F4xx_HAL_Driver/Src/stm32f4xx_hal_spi.o
 .comment       0x000000000000007b       0x7c Drivers/STM32F4xx_HAL_Driver/Src/stm32f4xx_hal_uart.o

.debug_frame    0x0000000000000000     0x47f0
 .debug_frame   0x0000000000000000     0x1714 Core/Src/LeptonFLiR.o
 .debug_frame   0x0000000000001714       0x34 Core/Src/gpio.o
 .debug_frame   0x0000000000001748      0x24c Core/Src/hm01b0.o
 .debug_frame   0x0000000000001994       0x90 Core/Src/i2c.o
 .debug_frame   0x0000000000001a24       0x98 Core/Src/main.o
 .debug_frame   0x0000000000001abc       0x74 Core/Src/spi.o
 .debug_frame   0x0000000000001b30       0x34 Core/Src/stm32f4xx_hal_msp.o
 .debug_frame   0x0000000000001b64      0x140 Core/Src/stm32f4xx_it.o
 .debug_frame   0x0000000000001ca4       0x34 Core/Src/sysmem.o
 .debug_frame   0x0000000000001cd8       0x58 Core/Src/system_stm32f4xx.o
 .debug_frame   0x0000000000001d30       0x74 Core/Src/usart.o
 .debug_frame   0x0000000000001da4      0x374 Drivers/STM32F4xx_HAL_Driver/Src/stm32f4xx_hal.o
 .debug_frame   0x0000000000002118      0x498 Drivers/STM32F4xx_HAL_Driver/Src/stm32f4xx_hal_cortex.o
 .debug_frame   0x00000000000025b0      0x14c Drivers/STM32F4xx_HAL_Driver/Src/stm32f4xx_hal_gpio.o
 .debug_frame   0x00000000000026fc      0xc5c Drivers/STM32F4xx_HAL_Driver/Src/stm32f4xx_hal_i2c.o
 .debug_frame   0x0000000000003358      0x1f0 Drivers/STM32F4xx_HAL_Driver/Src/stm32f4xx_hal_rcc.o
 .debug_frame   0x0000000000003548      0x824 Drivers/STM32F4xx_HAL_Driver/Src/stm32f4xx_hal_spi.o
 .debug_frame   0x0000000000003d6c      0x844 Drivers/STM32F4xx_HAL_Driver/Src/stm32f4xx_hal_uart.o
 .debug_frame   0x00000000000045b0       0x20 c:/users/massi/stm32cubeide_1.5.0/stm32cubeide/plugins/com.st.stm32cube.ide.mcu.externaltools.gnu-tools-for-stm32.7-2018-q2-update.win32_1.5.0.202011040924/tools/bin/../lib/gcc/arm-none-eabi/7.3.1/../../../../arm-none-eabi/lib/thumb/v7e-m/fpv4-sp/hard\libc_nano.a(lib_a-errno.o)
 .debug_frame   0x00000000000045d0       0x2c c:/users/massi/stm32cubeide_1.5.0/stm32cubeide/plugins/com.st.stm32cube.ide.mcu.externaltools.gnu-tools-for-stm32.7-2018-q2-update.win32_1.5.0.202011040924/tools/bin/../lib/gcc/arm-none-eabi/7.3.1/../../../../arm-none-eabi/lib/thumb/v7e-m/fpv4-sp/hard\libc_nano.a(lib_a-init.o)
 .debug_frame   0x00000000000045fc       0x30 c:/users/massi/stm32cubeide_1.5.0/stm32cubeide/plugins/com.st.stm32cube.ide.mcu.externaltools.gnu-tools-for-stm32.7-2018-q2-update.win32_1.5.0.202011040924/tools/bin/../lib/gcc/arm-none-eabi/7.3.1/../../../../arm-none-eabi/lib/thumb/v7e-m/fpv4-sp/hard\libc_nano.a(lib_a-malloc.o)
 .debug_frame   0x000000000000462c       0x28 c:/users/massi/stm32cubeide_1.5.0/stm32cubeide/plugins/com.st.stm32cube.ide.mcu.externaltools.gnu-tools-for-stm32.7-2018-q2-update.win32_1.5.0.202011040924/tools/bin/../lib/gcc/arm-none-eabi/7.3.1/../../../../arm-none-eabi/lib/thumb/v7e-m/fpv4-sp/hard\libc_nano.a(lib_a-memcpy-stub.o)
 .debug_frame   0x0000000000004654       0x20 c:/users/massi/stm32cubeide_1.5.0/stm32cubeide/plugins/com.st.stm32cube.ide.mcu.externaltools.gnu-tools-for-stm32.7-2018-q2-update.win32_1.5.0.202011040924/tools/bin/../lib/gcc/arm-none-eabi/7.3.1/../../../../arm-none-eabi/lib/thumb/v7e-m/fpv4-sp/hard\libc_nano.a(lib_a-memset.o)
 .debug_frame   0x0000000000004674       0x38 c:/users/massi/stm32cubeide_1.5.0/stm32cubeide/plugins/com.st.stm32cube.ide.mcu.externaltools.gnu-tools-for-stm32.7-2018-q2-update.win32_1.5.0.202011040924/tools/bin/../lib/gcc/arm-none-eabi/7.3.1/../../../../arm-none-eabi/lib/thumb/v7e-m/fpv4-sp/hard\libc_nano.a(lib_a-nano-freer.o)
 .debug_frame   0x00000000000046ac       0x2c c:/users/massi/stm32cubeide_1.5.0/stm32cubeide/plugins/com.st.stm32cube.ide.mcu.externaltools.gnu-tools-for-stm32.7-2018-q2-update.win32_1.5.0.202011040924/tools/bin/../lib/gcc/arm-none-eabi/7.3.1/../../../../arm-none-eabi/lib/thumb/v7e-m/fpv4-sp/hard\libc_nano.a(lib_a-nano-mallocr.o)
 .debug_frame   0x00000000000046d8       0x2c c:/users/massi/stm32cubeide_1.5.0/stm32cubeide/plugins/com.st.stm32cube.ide.mcu.externaltools.gnu-tools-for-stm32.7-2018-q2-update.win32_1.5.0.202011040924/tools/bin/../lib/gcc/arm-none-eabi/7.3.1/../../../../arm-none-eabi/lib/thumb/v7e-m/fpv4-sp/hard\libc_nano.a(lib_a-sbrkr.o)
 .debug_frame   0x0000000000004704       0x30 c:/users/massi/stm32cubeide_1.5.0/stm32cubeide/plugins/com.st.stm32cube.ide.mcu.externaltools.gnu-tools-for-stm32.7-2018-q2-update.win32_1.5.0.202011040924/tools/bin/../lib/gcc/arm-none-eabi/7.3.1/../../../../arm-none-eabi/lib/thumb/v7e-m/fpv4-sp/hard\libc_nano.a(lib_a-mlock.o)
 .debug_frame   0x0000000000004734       0x5c c:/users/massi/stm32cubeide_1.5.0/stm32cubeide/plugins/com.st.stm32cube.ide.mcu.externaltools.gnu-tools-for-stm32.7-2018-q2-update.win32_1.5.0.202011040924/tools/bin/../lib/gcc/arm-none-eabi/7.3.1/../../../../arm-none-eabi/lib/thumb/v7e-m/fpv4-sp/hard\libc_nano.a(lib_a-reent.o)
 .debug_frame   0x0000000000004790       0x2c c:/users/massi/stm32cubeide_1.5.0/stm32cubeide/plugins/com.st.stm32cube.ide.mcu.externaltools.gnu-tools-for-stm32.7-2018-q2-update.win32_1.5.0.202011040924/tools/bin/../lib/gcc/arm-none-eabi/7.3.1/thumb/v7e-m/fpv4-sp/hard\libgcc.a(_aeabi_uldivmod.o)
 .debug_frame   0x00000000000047bc       0x34 c:/users/massi/stm32cubeide_1.5.0/stm32cubeide/plugins/com.st.stm32cube.ide.mcu.externaltools.gnu-tools-for-stm32.7-2018-q2-update.win32_1.5.0.202011040924/tools/bin/../lib/gcc/arm-none-eabi/7.3.1/thumb/v7e-m/fpv4-sp/hard\libgcc.a(_udivmoddi4.o)
